Archive member included to satisfy reference by file (symbol)

/usr/bin/../lib/gcc/arm-none-eabi/7.3.1/../../../../arm-none-eabi/lib/thumb/v7e-m/fpv4-sp/hard/libm.a(lib_a-sf_cos.o)
                              build/obj/digital_filter.o (cosf)
/usr/bin/../lib/gcc/arm-none-eabi/7.3.1/../../../../arm-none-eabi/lib/thumb/v7e-m/fpv4-sp/hard/libm.a(lib_a-sf_floor.o)
                              build/obj/mcpwm_foc.o (floorf)
/usr/bin/../lib/gcc/arm-none-eabi/7.3.1/../../../../arm-none-eabi/lib/thumb/v7e-m/fpv4-sp/hard/libm.a(lib_a-sf_frexp.o)
                              build/obj/buffer.o (frexpf)
/usr/bin/../lib/gcc/arm-none-eabi/7.3.1/../../../../arm-none-eabi/lib/thumb/v7e-m/fpv4-sp/hard/libm.a(lib_a-sf_ldexp.o)
                              build/obj/buffer.o (ldexpf)
/usr/bin/../lib/gcc/arm-none-eabi/7.3.1/../../../../arm-none-eabi/lib/thumb/v7e-m/fpv4-sp/hard/libm.a(lib_a-sf_round.o)
                              build/obj/ledpwm.o (roundf)
/usr/bin/../lib/gcc/arm-none-eabi/7.3.1/../../../../arm-none-eabi/lib/thumb/v7e-m/fpv4-sp/hard/libm.a(lib_a-sf_scalbn.o)
                              /usr/bin/../lib/gcc/arm-none-eabi/7.3.1/../../../../arm-none-eabi/lib/thumb/v7e-m/fpv4-sp/hard/libm.a(lib_a-sf_ldexp.o) (scalbnf)
/usr/bin/../lib/gcc/arm-none-eabi/7.3.1/../../../../arm-none-eabi/lib/thumb/v7e-m/fpv4-sp/hard/libm.a(lib_a-sf_sin.o)
                              build/obj/digital_filter.o (sinf)
/usr/bin/../lib/gcc/arm-none-eabi/7.3.1/../../../../arm-none-eabi/lib/thumb/v7e-m/fpv4-sp/hard/libm.a(lib_a-w_sqrt.o)
                              build/obj/digital_filter.o (sqrt)
/usr/bin/../lib/gcc/arm-none-eabi/7.3.1/../../../../arm-none-eabi/lib/thumb/v7e-m/fpv4-sp/hard/libm.a(lib_a-wf_asin.o)
                              build/obj/mcpwm.o (asinf)
/usr/bin/../lib/gcc/arm-none-eabi/7.3.1/../../../../arm-none-eabi/lib/thumb/v7e-m/fpv4-sp/hard/libm.a(lib_a-wf_atan2.o)
                              build/obj/mcpwm_foc.o (atan2f)
/usr/bin/../lib/gcc/arm-none-eabi/7.3.1/../../../../arm-none-eabi/lib/thumb/v7e-m/fpv4-sp/hard/libm.a(lib_a-wf_exp.o)
                              build/obj/utils.o (expf)
/usr/bin/../lib/gcc/arm-none-eabi/7.3.1/../../../../arm-none-eabi/lib/thumb/v7e-m/fpv4-sp/hard/libm.a(lib_a-wf_fmod.o)
                              build/obj/utils.o (fmodf)
/usr/bin/../lib/gcc/arm-none-eabi/7.3.1/../../../../arm-none-eabi/lib/thumb/v7e-m/fpv4-sp/hard/libm.a(lib_a-wf_log.o)
                              build/obj/mc_interface.o (logf)
/usr/bin/../lib/gcc/arm-none-eabi/7.3.1/../../../../arm-none-eabi/lib/thumb/v7e-m/fpv4-sp/hard/libm.a(lib_a-wf_pow.o)
                              build/obj/ledpwm.o (powf)
/usr/bin/../lib/gcc/arm-none-eabi/7.3.1/../../../../arm-none-eabi/lib/thumb/v7e-m/fpv4-sp/hard/libm.a(lib_a-wf_sincos.o)
                              build/obj/mcpwm_foc.o (sincosf)
/usr/bin/../lib/gcc/arm-none-eabi/7.3.1/../../../../arm-none-eabi/lib/thumb/v7e-m/fpv4-sp/hard/libm.a(lib_a-wf_sqrt.o)
                              build/obj/mcpwm.o (sqrtf)
/usr/bin/../lib/gcc/arm-none-eabi/7.3.1/../../../../arm-none-eabi/lib/thumb/v7e-m/fpv4-sp/hard/libm.a(lib_a-e_sqrt.o)
                              /usr/bin/../lib/gcc/arm-none-eabi/7.3.1/../../../../arm-none-eabi/lib/thumb/v7e-m/fpv4-sp/hard/libm.a(lib_a-w_sqrt.o) (__ieee754_sqrt)
/usr/bin/../lib/gcc/arm-none-eabi/7.3.1/../../../../arm-none-eabi/lib/thumb/v7e-m/fpv4-sp/hard/libm.a(lib_a-ef_asin.o)
                              /usr/bin/../lib/gcc/arm-none-eabi/7.3.1/../../../../arm-none-eabi/lib/thumb/v7e-m/fpv4-sp/hard/libm.a(lib_a-wf_asin.o) (__ieee754_asinf)
/usr/bin/../lib/gcc/arm-none-eabi/7.3.1/../../../../arm-none-eabi/lib/thumb/v7e-m/fpv4-sp/hard/libm.a(lib_a-ef_atan2.o)
                              /usr/bin/../lib/gcc/arm-none-eabi/7.3.1/../../../../arm-none-eabi/lib/thumb/v7e-m/fpv4-sp/hard/libm.a(lib_a-wf_atan2.o) (__ieee754_atan2f)
/usr/bin/../lib/gcc/arm-none-eabi/7.3.1/../../../../arm-none-eabi/lib/thumb/v7e-m/fpv4-sp/hard/libm.a(lib_a-ef_exp.o)
                              /usr/bin/../lib/gcc/arm-none-eabi/7.3.1/../../../../arm-none-eabi/lib/thumb/v7e-m/fpv4-sp/hard/libm.a(lib_a-wf_exp.o) (__ieee754_expf)
/usr/bin/../lib/gcc/arm-none-eabi/7.3.1/../../../../arm-none-eabi/lib/thumb/v7e-m/fpv4-sp/hard/libm.a(lib_a-ef_fmod.o)
                              /usr/bin/../lib/gcc/arm-none-eabi/7.3.1/../../../../arm-none-eabi/lib/thumb/v7e-m/fpv4-sp/hard/libm.a(lib_a-wf_fmod.o) (__ieee754_fmodf)
/usr/bin/../lib/gcc/arm-none-eabi/7.3.1/../../../../arm-none-eabi/lib/thumb/v7e-m/fpv4-sp/hard/libm.a(lib_a-ef_log.o)
                              /usr/bin/../lib/gcc/arm-none-eabi/7.3.1/../../../../arm-none-eabi/lib/thumb/v7e-m/fpv4-sp/hard/libm.a(lib_a-wf_log.o) (__ieee754_logf)
/usr/bin/../lib/gcc/arm-none-eabi/7.3.1/../../../../arm-none-eabi/lib/thumb/v7e-m/fpv4-sp/hard/libm.a(lib_a-ef_pow.o)
[...]
Memory Configuration

Name             Origin             Length             Attributes
flash            0x0000000008000000 0x0000000000004000
flash2           0x000000000800c000 0x0000000000078000
ram0             0x0000000020000000 0x0000000000020000
ram1             0x0000000020000000 0x000000000001c000
ram2             0x000000002001c000 0x0000000000004000
ram3             0x0000000000000000 0x0000000000000000
ram4             0x0000000010000000 0x0000000000010000
ram5             0x0000000040024000 0x0000000000001000
ram6             0x0000000000000000 0x0000000000000000
ram7             0x0000000000000000 0x0000000000000000
*default*        0x0000000000000000 0xffffffffffffffff

Linker script and memory map

LOAD build/obj/crt0_v7m.o
LOAD build/obj/chcoreasm_v7m.o
LOAD build/obj/crt1.o
LOAD build/obj/vectors.o
LOAD build/obj/chsys.o
LOAD build/obj/chdebug.o
LOAD build/obj/chvt.o
LOAD build/obj/chschd.o
LOAD build/obj/chthreads.o
LOAD build/obj/chtm.o
LOAD build/obj/chdynamic.o
LOAD build/obj/chregistry.o
LOAD build/obj/chsem.o
LOAD build/obj/chmtx.o
LOAD build/obj/chcond.o
LOAD build/obj/chevents.o
LOAD build/obj/chmsg.o
LOAD build/obj/chmboxes.o
LOAD build/obj/chqueues.o
LOAD build/obj/chmemcore.o
LOAD build/obj/chheap.o
LOAD build/obj/chmempools.o
LOAD build/obj/chcore.o
LOAD build/obj/chcore_v7m.o
LOAD build/obj/osal.o
LOAD build/obj/hal.o
LOAD build/obj/st.o
LOAD build/obj/hal_queues.o
LOAD build/obj/hal_mmcsd.o
LOAD build/obj/can.o
LOAD build/obj/i2c.o
LOAD build/obj/icu.o
LOAD build/obj/pal.o
LOAD build/obj/serial_usb.o
LOAD build/obj/spi.o
LOAD build/obj/uart.o
LOAD build/obj/usb.o
LOAD build/obj/nvic.o
LOAD build/obj/stm32_dma.o
LOAD build/obj/hal_lld.o
LOAD build/obj/st_lld.o
LOAD build/obj/can_lld.o
LOAD build/obj/pal_lld.o
LOAD build/obj/i2c_lld.o
LOAD build/obj/usb_lld.o
LOAD build/obj/spi_lld.o
LOAD build/obj/icu_lld.o
LOAD build/obj/uart_lld.o
LOAD build/obj/chprintf.o
LOAD build/obj/syscalls.o
LOAD build/obj/board.o
LOAD build/obj/main.o
LOAD build/obj/comm_usb_serial.o
LOAD build/obj/irq_handlers.o
LOAD build/obj/buffer.o
LOAD build/obj/comm_usb.o
LOAD build/obj/crc.o
LOAD build/obj/digital_filter.o
LOAD build/obj/ledpwm.o
LOAD build/obj/mcpwm.o
LOAD build/obj/servo_dec.o
LOAD build/obj/utils.o
LOAD build/obj/servo_simple.o
LOAD build/obj/packet.o
LOAD build/obj/terminal.o
LOAD build/obj/conf_general.o
LOAD build/obj/eeprom.o
LOAD build/obj/commands.o
LOAD build/obj/timeout.o
LOAD build/obj/comm_can.o
LOAD build/obj/ws2811.o
LOAD build/obj/led_external.o
LOAD build/obj/encoder.o
LOAD build/obj/flash_helper.o
LOAD build/obj/mc_interface.o
LOAD build/obj/mcpwm_foc.o
LOAD build/obj/hw_40.o
LOAD build/obj/hw_45.o
LOAD build/obj/hw_r2.o
LOAD build/obj/hw_46.o
LOAD build/obj/hw_48.o
LOAD build/obj/hw_49.o
LOAD build/obj/hw_410.o
LOAD build/obj/hw_60.o
LOAD build/obj/hw_victor_r1a.o
LOAD build/obj/hw_das_rs.o
LOAD build/obj/drv8301.o
LOAD build/obj/drv8305.o
LOAD build/obj/drv8320.o
LOAD build/obj/hw_palta.o
LOAD build/obj/hw_rh.o
LOAD build/obj/hw_tp.o
LOAD build/obj/hw_75_300.o
LOAD build/obj/hw_mini4.o
LOAD build/obj/hw_das_mini.o
LOAD build/obj/app.o
LOAD build/obj/app_ppm.o
LOAD build/obj/app_adc.o
LOAD build/obj/app_sten.o
LOAD build/obj/app_uartcomm.o
LOAD build/obj/app_nunchuk.o
LOAD build/obj/app_custom.o
LOAD build/obj/spi_sw.o
LOAD build/obj/rf.o
LOAD build/obj/rfhelp.o
LOAD build/obj/nrf_driver.o
LOAD build/obj/misc.o
LOAD build/obj/stm32f4xx_adc.o
LOAD build/obj/stm32f4xx_dma.o
LOAD build/obj/stm32f4xx_exti.o
LOAD build/obj/stm32f4xx_flash.o
LOAD build/obj/stm32f4xx_rcc.o
LOAD build/obj/stm32f4xx_syscfg.o
LOAD build/obj/stm32f4xx_tim.o
LOAD build/obj/stm32f4xx_wwdg.o
                0x0000000020000000                __ram0_start__ = ORIGIN (ram0)
                0x0000000000020000                __ram0_size__ = LENGTH (ram0)
                0x0000000020020000                __ram0_end__ = (__ram0_start__ + __ram0_size__)
                0x0000000020000000                __ram1_start__ = ORIGIN (ram1)
                0x000000000001c000                __ram1_size__ = LENGTH (ram1)
                0x000000002001c000                __ram1_end__ = (__ram1_start__ + __ram1_size__)
                0x000000002001c000                __ram2_start__ = ORIGIN (ram2)
                0x0000000000004000                __ram2_size__ = LENGTH (ram2)
                0x0000000020020000                __ram2_end__ = (__ram2_start__ + __ram2_size__)
                0x0000000000000000                __ram3_start__ = ORIGIN (ram3)
                0x0000000000000000                __ram3_size__ = LENGTH (ram3)
                0x0000000000000000                __ram3_end__ = (__ram3_start__ + __ram3_size__)
                0x0000000010000000                __ram4_start__ = ORIGIN (ram4)
                0x0000000000010000                __ram4_size__ = LENGTH (ram4)
                0x0000000010010000                __ram4_end__ = (__ram4_start__ + __ram4_size__)
                0x0000000040024000                __ram5_start__ = ORIGIN (ram5)
                0x0000000000001000                __ram5_size__ = LENGTH (ram5)
                0x0000000040025000                __ram5_end__ = (__ram5_start__ + __ram5_size__)
                0x0000000000000000                __ram6_start__ = ORIGIN (ram6)
                0x0000000000000000                __ram6_size__ = LENGTH (ram6)
                0x0000000000000000                __ram6_end__ = (__ram6_start__ + __ram6_size__)
                0x0000000000000000                __ram7_start__ = ORIGIN (ram7)
                0x0000000000000000                __ram7_size__ = LENGTH (ram7)
                0x0000000000000000                __ram7_end__ = (__ram7_start__ + __ram7_size__)
                0x0000000000000000                . = 0x0
                0x0000000000000000                _text = .

startup         0x0000000008000000      0x1c0
 *(.vectors)
 .vectors       0x0000000008000000      0x1c0 build/obj/vectors.o
                0x0000000008000000                _vectors

constructors    0x000000000800c000        0x0
                0x000000000800c000                PROVIDE (__init_array_start = .)
 *(SORT_BY_NAME(.init_array.*))
 *(.init_array)
                0x000000000800c000                PROVIDE (__init_array_end = .)

destructors     0x000000000800c000        0x0
                0x000000000800c000                PROVIDE (__fini_array_start = .)
 *(.fini_array)
 *(SORT_BY_NAME(.fini_array.*))
                0x000000000800c000                PROVIDE (__fini_array_end = .)

.text           0x000000000800c000    0x2558c
 *(.text)
 .text          0x000000000800c000      0x104 build/obj/crt0_v7m.o
                0x000000000800c000                Reset_Handler
 *fill*         0x000000000800c104        0xc 
 .text          0x000000000800c110       0x30 build/obj/chcoreasm_v7m.o
                0x000000000800c110                _port_switch
                0x000000000800c128                _port_thread_start
                0x000000000800c138                _port_switch_from_isr
                0x000000000800c13c                _port_exit_from_isr
 .text          0x000000000800c140      0x378 /usr/bin/../lib/gcc/arm-none-eabi/7.3.1/thumb/v7e-m/fpv4-sp/hard/libgcc.a(_arm_addsubdf3.o)
                0x000000000800c140                __aeabi_drsub
                0x000000000800c148                __aeabi_dsub
                0x000000000800c148                __subdf3
                0x000000000800c14c                __adddf3
                0x000000000800c14c                __aeabi_dadd
                0x000000000800c3c4                __aeabi_ui2d
                0x000000000800c3c4                __floatunsidf
                0x000000000800c3e4                __floatsidf
                0x000000000800c3e4                __aeabi_i2d
                0x000000000800c408                __extendsfdf2
                0x000000000800c408                __aeabi_f2d
                0x000000000800c44c                __aeabi_ul2d
                0x000000000800c44c                __floatundidf
                0x000000000800c45c                __floatdidf
                0x000000000800c45c                __aeabi_l2d
 *fill*         0x000000000800c4b8        0x8 
 .text          0x000000000800c4c0      0x424 /usr/bin/../lib/gcc/arm-none-eabi/7.3.1/thumb/v7e-m/fpv4-sp/hard/libgcc.a(_arm_muldivdf3.o)
                0x000000000800c4c0                __aeabi_dmul
                0x000000000800c4c0                __muldf3
                0x000000000800c714                __aeabi_ddiv
                0x000000000800c714                __divdf3
 *fill*         0x000000000800c8e4        0xc 
 .text          0x000000000800c8f0      0x110 /usr/bin/../lib/gcc/arm-none-eabi/7.3.1/thumb/v7e-m/fpv4-sp/hard/libgcc.a(_arm_cmpdf2.o)
                0x000000000800c8f0                __gtdf2
                0x000000000800c8f0                __gedf2
                0x000000000800c8f8                __ltdf2
                0x000000000800c8f8                __ledf2
                0x000000000800c900                __cmpdf2
                0x000000000800c900                __eqdf2
                0x000000000800c900                __nedf2
                0x000000000800c97c                __aeabi_cdrcmple
                0x000000000800c98c                __aeabi_cdcmple
                0x000000000800c98c                __aeabi_cdcmpeq
                0x000000000800c99c                __aeabi_dcmpeq
                0x000000000800c9b0                __aeabi_dcmplt
                0x000000000800c9c4                __aeabi_dcmple
                0x000000000800c9d8                __aeabi_dcmpge
                0x000000000800c9ec                __aeabi_dcmpgt
 .text          0x000000000800ca00       0x2c /usr/bin/../lib/gcc/arm-none-eabi/7.3.1/thumb/v7e-m/fpv4-sp/hard/libgcc.a(_arm_unorddf2.o)
                0x000000000800ca00                __aeabi_dcmpun
                0x000000000800ca00                __unorddf2
 *fill*         0x000000000800ca2c        0x4 
 .text          0x000000000800ca30       0x50 /usr/bin/../lib/gcc/arm-none-eabi/7.3.1/thumb/v7e-m/fpv4-sp/hard/libgcc.a(_arm_fixdfsi.o)
                0x000000000800ca30                __fixdfsi
                0x000000000800ca30                __aeabi_d2iz
 .text          0x000000000800ca80       0xa0 /usr/bin/../lib/gcc/arm-none-eabi/7.3.1/thumb/v7e-m/fpv4-sp/hard/libgcc.a(_arm_truncdfsf2.o)
                0x000000000800ca80                __aeabi_d2f
                0x000000000800ca80                __truncdfsf2
 .text          0x000000000800cb20      0x134 /usr/bin/../lib/gcc/arm-none-eabi/7.3.1/../../../../arm-none-eabi/lib/thumb/v7e-m/fpv4-sp/hard/libg.a(lib_a-memcpy.o)
                0x000000000800cb20                memcpy
 *fill*         0x000000000800cc54        0xc 
 .text          0x000000000800cc60      0x2dc /usr/bin/../lib/gcc/arm-none-eabi/7.3.1/../../../../arm-none-eabi/lib/thumb/v7e-m/fpv4-sp/hard/libg.a(lib_a-strcmp.o)
                0x000000000800cc68                strcmp
 *fill*         0x000000000800cf3c        0x4 
 .text          0x000000000800cf40       0xdc /usr/bin/../lib/gcc/arm-none-eabi/7.3.1/../../../../arm-none-eabi/lib/thumb/v7e-m/fpv4-sp/hard/libg.a(lib_a-strlen.o)
                0x000000000800cf40                strlen
 *fill*         0x000000000800d01c        0x4 
 .text          0x000000000800d020       0xa0 /usr/bin/../lib/gcc/arm-none-eabi/7.3.1/../../../../arm-none-eabi/lib/thumb/v7e-m/fpv4-sp/hard/libg.a(lib_a-memchr.o)
                0x000000000800d020                memchr
 .text          0x000000000800d0c0       0x40 /usr/bin/../lib/gcc/arm-none-eabi/7.3.1/thumb/v7e-m/fpv4-sp/hard/libgcc.a(_arm_fixunsdfsi.o)
                0x000000000800d0c0                __fixunsdfsi
                0x000000000800d0c0                __aeabi_d2uiz
 .text          0x000000000800d100       0x30 /usr/bin/../lib/gcc/arm-none-eabi/7.3.1/thumb/v7e-m/fpv4-sp/hard/libgcc.a(_aeabi_uldivmod.o)
                0x000000000800d100                __aeabi_uldivmod
 .text          0x000000000800d130      0x2cc /usr/bin/../lib/gcc/arm-none-eabi/7.3.1/thumb/v7e-m/fpv4-sp/hard/libgcc.a(_udivmoddi4.o)
                0x000000000800d130                __udivmoddi4
 *fill*         0x000000000800d3fc        0x4 
 .text          0x000000000800d400        0x4 /usr/bin/../lib/gcc/arm-none-eabi/7.3.1/thumb/v7e-m/fpv4-sp/hard/libgcc.a(_dvmd_tls.o)
                0x000000000800d400                __aeabi_ldiv0
                0x000000000800d400                __aeabi_idiv0
 *(.text.*)
 *fill*         0x000000000800d404        0xc 
 .text.__core_init
                0x000000000800d410        0x4 build/obj/crt1.o
                0x000000000800d410                __core_init
 *fill*         0x000000000800d414        0xc 
 .text.__late_init
                0x000000000800d420        0x4 build/obj/crt1.o
                0x000000000800d420                __late_init
 *fill*         0x000000000800d424        0xc 
 .text.__default_exit
                0x000000000800d430        0x4 build/obj/crt1.o
                0x000000000800d430                __default_exit
 *fill*         0x000000000800d434        0xc 
 .text._unhandled_exception
                0x000000000800d440        0x4 build/obj/vectors.o
                0x000000000800d440                Vector58
                0x000000000800d440                Vector9C
                0x000000000800d440                VectorE8
                0x000000000800d440                VectorAC
                0x000000000800d440                DebugMon_Handler
                0x000000000800d440                Vector1A0
                0x000000000800d440                Vector5C
                0x000000000800d440                Vector11C
                0x000000000800d440                HardFault_Handler
                0x000000000800d440                Vector1B8
                0x000000000800d440                Vector19C
                0x000000000800d440                PendSV_Handler
                0x000000000800d440                Vector168
                0x000000000800d440                NMI_Handler
                0x000000000800d440                Vector110
                0x000000000800d440                VectorA8
                0x000000000800d440                Vector160
                0x000000000800d440                Vector1B0
                0x000000000800d440                UsageFault_Handler
                0x000000000800d440                VectorEC
                0x000000000800d440                Vector40
                0x000000000800d440                Vector108
                0x000000000800d440                VectorBC
                0x000000000800d440                Vector190
                0x000000000800d440                Vector148
                0x000000000800d440                Vector188
                0x000000000800d440                Vector198
                0x000000000800d440                Vector118
                0x000000000800d440                Vector64
                0x000000000800d440                VectorCC
                0x000000000800d440                Vector54
                0x000000000800d440                VectorD8
                0x000000000800d440                Vector138
                0x000000000800d440                Vector24
                0x000000000800d440                Vector1AC
                0x000000000800d440                Vector178
                0x000000000800d440                Vector1A4
                0x000000000800d440                VectorD0
                0x000000000800d440                Vector1B4
                0x000000000800d440                Vector140
                0x000000000800d440                VectorE4
                0x000000000800d440                VectorC0
                0x000000000800d440                Vector134
                0x000000000800d440                VectorF0
                0x000000000800d440                Vector13C
                0x000000000800d440                Vector100
                0x000000000800d440                VectorF4
                0x000000000800d440                MemManage_Handler
                0x000000000800d440                VectorA0
                0x000000000800d440                Vector180
                0x000000000800d440                VectorB0
                0x000000000800d440                Vector114
                0x000000000800d440                Vector60
                0x000000000800d440                Vector164
                0x000000000800d440                Vector1C
                0x000000000800d440                Vector1BC
                0x000000000800d440                Vector17C
                0x000000000800d440                Vector48
                0x000000000800d440                Vector1A8
                0x000000000800d440                Vector16C
                0x000000000800d440                VectorD4
                0x000000000800d440                Vector4C
                0x000000000800d440                Vector144
                0x000000000800d440                Vector68
                0x000000000800d440                _unhandled_exception
                0x000000000800d440                Vector170
                0x000000000800d440                Vector104
                0x000000000800d440                Vector184
                0x000000000800d440                Vector10C
                0x000000000800d440                BusFault_Handler
                0x000000000800d440                Vector50
                0x000000000800d440                Vector194
                0x000000000800d440                Vector44
                0x000000000800d440                Vector28
                0x000000000800d440                Vector34
                0x000000000800d440                VectorA4
                0x000000000800d440                Vector20
                0x000000000800d440                Vector18C
                0x000000000800d440                Vector174
 *fill*         0x000000000800d444        0xc 
 .text._idle_thread
                0x000000000800d450        0x4 build/obj/chsys.o
 *fill*         0x000000000800d454        0xc 
 .text.chSysInit
                0x000000000800d460       0xa4 build/obj/chsys.o
                0x000000000800d460                chSysInit
 *fill*         0x000000000800d504        0xc 
 .text.chSysHalt
                0x000000000800d510        0xc build/obj/chsys.o
                0x000000000800d510                chSysHalt
 *fill*         0x000000000800d51c        0x4 
 .text.chSysTimerHandlerI
                0x000000000800d520       0x58 build/obj/chsys.o
                0x000000000800d520                chSysTimerHandlerI
 *fill*         0x000000000800d578        0x8 
 .text.chSysPolledDelayX
                0x000000000800d580       0x14 build/obj/chsys.o
                0x000000000800d580                chSysPolledDelayX
 *fill*         0x000000000800d594        0xc 
 .text._vt_init
                0x000000000800d5a0       0x1c build/obj/chvt.o
                0x000000000800d5a0                _vt_init
 *fill*         0x000000000800d5bc        0x4 
 .text.chVTDoSetI
                0x000000000800d5c0       0x3c build/obj/chvt.o
                0x000000000800d5c0                chVTDoSetI
 *fill*         0x000000000800d5fc        0x4 
 .text.chVTDoResetI
                0x000000000800d600       0x28 build/obj/chvt.o
                0x000000000800d600                chVTDoResetI
 *fill*         0x000000000800d628        0x8 
 .text.wakeup   0x000000000800d630       0x6c build/obj/chschd.o
 *fill*         0x000000000800d69c        0x4 
 .text._scheduler_init
                0x000000000800d6a0       0x14 build/obj/chschd.o
                0x000000000800d6a0                _scheduler_init
 *fill*         0x000000000800d6b4        0xc 
 .text.chSchReadyI
                0x000000000800d6c0       0x24 build/obj/chschd.o
                0x000000000800d6c0                chSchReadyI
 *fill*         0x000000000800d6e4        0xc 
 .text.chSchGoSleepS
                0x000000000800d6f0       0x28 build/obj/chschd.o
                0x000000000800d6f0                chSchGoSleepS
 *fill*         0x000000000800d718        0x8 
 .text.chSchGoSleepTimeoutS
                0x000000000800d720       0x44 build/obj/chschd.o
                0x000000000800d720                chSchGoSleepTimeoutS
 *fill*         0x000000000800d764        0xc 
 .text.chSchWakeupS
                0x000000000800d770       0x58 build/obj/chschd.o
                0x000000000800d770                chSchWakeupS
 *fill*         0x000000000800d7c8        0x8 
 .text.chSchIsPreemptionRequired
                0x000000000800d7d0       0x28 build/obj/chschd.o
                0x000000000800d7d0                chSchIsPreemptionRequired
 *fill*         0x000000000800d7f8        0x8 
 .text.chSchDoRescheduleBehind
                0x000000000800d800       0x3c build/obj/chschd.o
                0x000000000800d800                chSchDoRescheduleBehind
 *fill*         0x000000000800d83c        0x4 
 .text.chSchDoRescheduleAhead
                0x000000000800d840       0x38 build/obj/chschd.o
                0x000000000800d840                chSchDoRescheduleAhead
 *fill*         0x000000000800d878        0x8 
 .text.chSchRescheduleS
                0x000000000800d880       0x18 build/obj/chschd.o
                0x000000000800d880                chSchRescheduleS
 *fill*         0x000000000800d898        0x8 
 .text.chSchDoReschedule
                0x000000000800d8a0       0x14 build/obj/chschd.o
                0x000000000800d8a0                chSchDoReschedule
 *fill*         0x000000000800d8b4        0xc 
 .text._thread_init
                0x000000000800d8c0       0x40 build/obj/chthreads.o
                0x000000000800d8c0                _thread_init
 .text.chThdCreateI
                0x000000000800d900       0x54 build/obj/chthreads.o
                0x000000000800d900                chThdCreateI
 *fill*         0x000000000800d954        0xc 
 .text.chThdCreateStatic
                0x000000000800d960       0x68 build/obj/chthreads.o
                0x000000000800d960                chThdCreateStatic
 *fill*         0x000000000800d9c8        0x8 
 .text.chThdSleep
                0x000000000800d9d0       0x18 build/obj/chthreads.o
                0x000000000800d9d0                chThdSleep
 *fill*         0x000000000800d9e8        0x8 
 .text.chThdExitS
                0x000000000800d9f0       0x40 build/obj/chthreads.o
                0x000000000800d9f0                chThdExitS
 .text.chThdExit
                0x000000000800da30        0xc build/obj/chthreads.o
                0x000000000800da30                chThdExit
 *fill*         0x000000000800da3c        0x4 
 .text.chThdSuspendS
                0x000000000800da40       0x1c build/obj/chthreads.o
                0x000000000800da40                chThdSuspendS
 *fill*         0x000000000800da5c        0x4 
 .text.chThdSuspendTimeoutS
                0x000000000800da60       0x1c build/obj/chthreads.o
                0x000000000800da60                chThdSuspendTimeoutS
 *fill*         0x000000000800da7c        0x4 
 .text.chThdResumeI
                0x000000000800da80       0x14 build/obj/chthreads.o
                0x000000000800da80                chThdResumeI
 *fill*         0x000000000800da94        0xc 
 .text.chThdEnqueueTimeoutS
                0x000000000800daa0       0x28 build/obj/chthreads.o
                0x000000000800daa0                chThdEnqueueTimeoutS
 *fill*         0x000000000800dac8        0x8 
 .text.chThdDequeueAllI
                0x000000000800dad0       0x24 build/obj/chthreads.o
                0x000000000800dad0                chThdDequeueAllI
 *fill*         0x000000000800daf4        0xc 
 .text.chTMStartMeasurementX
                0x000000000800db00        0xc build/obj/chtm.o
                0x000000000800db00                chTMStartMeasurementX
 *fill*         0x000000000800db0c        0x4 
 .text.chTMStopMeasurementX
                0x000000000800db10       0x48 build/obj/chtm.o
                0x000000000800db10                chTMStopMeasurementX
 *fill*         0x000000000800db58        0x8 
 .text._tm_init
                0x000000000800db60       0x38 build/obj/chtm.o
                0x000000000800db60                _tm_init
 *fill*         0x000000000800db98        0x8 
 .text.chThdRelease
                0x000000000800dba0       0x50 build/obj/chdynamic.o
                0x000000000800dba0                chThdRelease
 .text.chRegFirstThread
                0x000000000800dbf0       0x1c build/obj/chregistry.o
                0x000000000800dbf0                chRegFirstThread
 *fill*         0x000000000800dc0c        0x4 
 .text.chRegNextThread
                0x000000000800dc10       0x2c build/obj/chregistry.o
                0x000000000800dc10                chRegNextThread
 *fill*         0x000000000800dc3c        0x4 
 .text.chMtxObjectInit
                0x000000000800dc40        0xc build/obj/chmtx.o
                0x000000000800dc40                chMtxObjectInit
 *fill*         0x000000000800dc4c        0x4 
 .text.chMtxLockS
                0x000000000800dc50       0xe0 build/obj/chmtx.o
                0x000000000800dc50                chMtxLockS
 .text.chMtxLock
                0x000000000800dd30       0x14 build/obj/chmtx.o
                0x000000000800dd30                chMtxLock
 *fill*         0x000000000800dd44        0xc 
 .text.chMtxUnlock
                0x000000000800dd50       0x64 build/obj/chmtx.o
                0x000000000800dd50                chMtxUnlock
 *fill*         0x000000000800ddb4        0xc 
 .text.chEvtRegisterMaskWithFlags
                0x000000000800ddc0       0x28 build/obj/chevents.o
                0x000000000800ddc0                chEvtRegisterMaskWithFlags
 *fill*         0x000000000800dde8        0x8 
 .text.chEvtUnregister
                0x000000000800ddf0       0x2c build/obj/chevents.o
                0x000000000800ddf0                chEvtUnregister
 *fill*         0x000000000800de1c        0x4 
 .text.chEvtSignalI
                0x000000000800de20       0x28 build/obj/chevents.o
                0x000000000800de20                chEvtSignalI
 *fill*         0x000000000800de48        0x8 
 .text.chEvtBroadcastFlagsI
                0x000000000800de50       0x2c build/obj/chevents.o
                0x000000000800de50                chEvtBroadcastFlagsI
 *fill*         0x000000000800de7c        0x4 
 .text.chEvtSignal
                0x000000000800de80       0x18 build/obj/chevents.o
                0x000000000800de80                chEvtSignal
 *fill*         0x000000000800de98        0x8 
 .text.chEvtWaitAny
                0x000000000800dea0       0x38 build/obj/chevents.o
                0x000000000800dea0                chEvtWaitAny
 *fill*         0x000000000800ded8        0x8 
 .text.chEvtWaitAnyTimeout
                0x000000000800dee0       0x48 build/obj/chevents.o
                0x000000000800dee0                chEvtWaitAnyTimeout
 *fill*         0x000000000800df28        0x8 
 .text.chIQObjectInit
                0x000000000800df30       0x20 build/obj/chqueues.o
                0x000000000800df30                chIQObjectInit
 .text.chIQResetI
                0x000000000800df50       0x14 build/obj/chqueues.o
                0x000000000800df50                chIQResetI
 *fill*         0x000000000800df64        0xc 
 .text.chIQGetTimeout
                0x000000000800df70       0x50 build/obj/chqueues.o
                0x000000000800df70                chIQGetTimeout
 .text.chIQReadTimeout
                0x000000000800dfc0       0x78 build/obj/chqueues.o
                0x000000000800dfc0                chIQReadTimeout
 *fill*         0x000000000800e038        0x8 
 .text.chOQObjectInit
                0x000000000800e040       0x1c build/obj/chqueues.o
                0x000000000800e040                chOQObjectInit
 *fill*         0x000000000800e05c        0x4 
 .text.chOQResetI
                0x000000000800e060       0x1c build/obj/chqueues.o
                0x000000000800e060                chOQResetI
 *fill*         0x000000000800e07c        0x4 
 .text.chOQPutTimeout
                0x000000000800e080       0x50 build/obj/chqueues.o
                0x000000000800e080                chOQPutTimeout
 .text.chOQWriteTimeout
                0x000000000800e0d0       0x88 build/obj/chqueues.o
                0x000000000800e0d0                chOQWriteTimeout
 *fill*         0x000000000800e158        0x8 
 .text._core_init
                0x000000000800e160       0x28 build/obj/chmemcore.o
                0x000000000800e160                _core_init
 *fill*         0x000000000800e188        0x8 
 .text.chCoreAlloc
                0x000000000800e190       0x34 build/obj/chmemcore.o
                0x000000000800e190                chCoreAlloc
 *fill*         0x000000000800e1c4        0xc 
 .text.chCoreGetStatusX
                0x000000000800e1d0       0x14 build/obj/chmemcore.o
                0x000000000800e1d0                chCoreGetStatusX
 *fill*         0x000000000800e1e4        0xc 
 .text._heap_init
                0x000000000800e1f0       0x1c build/obj/chheap.o
                0x000000000800e1f0                _heap_init
 *fill*         0x000000000800e20c        0x4 
 .text.chHeapFree
                0x000000000800e210       0x8c build/obj/chheap.o
                0x000000000800e210                chHeapFree
 *fill*         0x000000000800e29c        0x4 
 .text.chHeapStatus
                0x000000000800e2a0       0x44 build/obj/chheap.o
                0x000000000800e2a0                chHeapStatus
 *fill*         0x000000000800e2e4        0xc 
 .text.chPoolFree
                0x000000000800e2f0       0x14 build/obj/chmempools.o
                0x000000000800e2f0                chPoolFree
 *fill*         0x000000000800e304        0xc 
 .text.SVC_Handler
                0x000000000800e310       0x2c build/obj/chcore_v7m.o
                0x000000000800e310                SVC_Handler
 *fill*         0x000000000800e33c        0x4 
 .text._port_irq_epilogue
                0x000000000800e340       0x60 build/obj/chcore_v7m.o
                0x000000000800e340                _port_irq_epilogue
 .text.halInit  0x000000000800e3a0       0x38 build/obj/hal.o
                0x000000000800e3a0                halInit
 *fill*         0x000000000800e3d8        0x8 
 .text.stInit   0x000000000800e3e0        0x4 build/obj/st.o
                0x000000000800e3e0                stInit
 *fill*         0x000000000800e3e4        0xc 
 .text.canInit  0x000000000800e3f0        0x4 build/obj/can.o
                0x000000000800e3f0                canInit
 *fill*         0x000000000800e3f4        0xc 
 .text.canObjectInit
                0x000000000800e400       0x3c build/obj/can.o
                0x000000000800e400                canObjectInit
 *fill*         0x000000000800e43c        0x4 
 .text.canStart
                0x000000000800e440       0x20 build/obj/can.o
                0x000000000800e440                canStart
 .text.canStop  0x000000000800e460       0x38 build/obj/can.o
                0x000000000800e460                canStop
 *fill*         0x000000000800e498        0x8 
 .text.canTransmit
                0x000000000800e4a0       0x50 build/obj/can.o
                0x000000000800e4a0                canTransmit
 .text.canReceive
                0x000000000800e4f0       0x50 build/obj/can.o
                0x000000000800e4f0                canReceive
 .text.i2cInit  0x000000000800e540        0x4 build/obj/i2c.o
                0x000000000800e540                i2cInit
 *fill*         0x000000000800e544        0xc 
 .text.i2cObjectInit
                0x000000000800e550       0x10 build/obj/i2c.o
                0x000000000800e550                i2cObjectInit
 .text.i2cStart
                0x000000000800e560       0x1c build/obj/i2c.o
                0x000000000800e560                i2cStart
 *fill*         0x000000000800e57c        0x4 
 .text.i2cStop  0x000000000800e580       0x1c build/obj/i2c.o
                0x000000000800e580                i2cStop
 *fill*         0x000000000800e59c        0x4 
 .text.i2cMasterTransmitTimeout
                0x000000000800e5a0       0x40 build/obj/i2c.o
                0x000000000800e5a0                i2cMasterTransmitTimeout
 .text.i2cMasterReceiveTimeout
                0x000000000800e5e0       0x30 build/obj/i2c.o
                0x000000000800e5e0                i2cMasterReceiveTimeout
 .text.i2cAcquireBus
                0x000000000800e610        0x8 build/obj/i2c.o
                0x000000000800e610                i2cAcquireBus
 *fill*         0x000000000800e618        0x8 
 .text.i2cReleaseBus
                0x000000000800e620        0x8 build/obj/i2c.o
                0x000000000800e620                i2cReleaseBus
 *fill*         0x000000000800e628        0x8 
 .text.icuInit  0x000000000800e630        0x4 build/obj/icu.o
                0x000000000800e630                icuInit
 *fill*         0x000000000800e634        0xc 
 .text.icuObjectInit
                0x000000000800e640        0xc build/obj/icu.o
                0x000000000800e640                icuObjectInit
 *fill*         0x000000000800e64c        0x4 
 .text.icuStart
                0x000000000800e650       0x1c build/obj/icu.o
                0x000000000800e650                icuStart
 *fill*         0x000000000800e66c        0x4 
 .text.icuStop  0x000000000800e670       0x1c build/obj/icu.o
                0x000000000800e670                icuStop
 *fill*         0x000000000800e68c        0x4 
 .text.icuStartCapture
                0x000000000800e690       0x1c build/obj/icu.o
                0x000000000800e690                icuStartCapture
 *fill*         0x000000000800e6ac        0x4 
 .text.icuEnableNotifications
                0x000000000800e6b0       0x14 build/obj/icu.o
                0x000000000800e6b0                icuEnableNotifications
 *fill*         0x000000000800e6c4        0xc 
 .text.onotify  0x000000000800e6d0       0x5c build/obj/serial_usb.o
 *fill*         0x000000000800e72c        0x4 
 .text.inotify  0x000000000800e730       0x6c build/obj/serial_usb.o
 *fill*         0x000000000800e79c        0x4 
 .text.readt    0x000000000800e7a0        0x8 build/obj/serial_usb.o
 *fill*         0x000000000800e7a8        0x8 
 .text.read     0x000000000800e7b0        0xc build/obj/serial_usb.o
 *fill*         0x000000000800e7bc        0x4 
 .text.writet   0x000000000800e7c0        0x8 build/obj/serial_usb.o
 *fill*         0x000000000800e7c8        0x8 
 .text.write    0x000000000800e7d0        0xc build/obj/serial_usb.o
 *fill*         0x000000000800e7dc        0x4 
 .text.gett     0x000000000800e7e0        0x8 build/obj/serial_usb.o
 *fill*         0x000000000800e7e8        0x8 
 .text.get      0x000000000800e7f0        0xc build/obj/serial_usb.o
 *fill*         0x000000000800e7fc        0x4 
 .text.putt     0x000000000800e800        0x8 build/obj/serial_usb.o
 *fill*         0x000000000800e808        0x8 
 .text.put      0x000000000800e810        0xc build/obj/serial_usb.o
 *fill*         0x000000000800e81c        0x4 
 .text.sduInit  0x000000000800e820        0x4 build/obj/serial_usb.o
                0x000000000800e820                sduInit
 *fill*         0x000000000800e824        0xc 
 .text.sduObjectInit
                0x000000000800e830       0x4c build/obj/serial_usb.o
                0x000000000800e830                sduObjectInit
 *fill*         0x000000000800e87c        0x4 
 .text.sduStart
                0x000000000800e880       0x34 build/obj/serial_usb.o
                0x000000000800e880                sduStart
 *fill*         0x000000000800e8b4        0xc 
 .text.sduConfigureHookI
                0x000000000800e8c0       0x4c build/obj/serial_usb.o
                0x000000000800e8c0                sduConfigureHookI
 *fill*         0x000000000800e90c        0x4 
 .text.sduRequestsHook
                0x000000000800e910       0x40 build/obj/serial_usb.o
                0x000000000800e910                sduRequestsHook
 .text.sduDataTransmitted
                0x000000000800e950       0x68 build/obj/serial_usb.o
                0x000000000800e950                sduDataTransmitted
 *fill*         0x000000000800e9b8        0x8 
 .text.sduDataReceived
                0x000000000800e9c0       0x6c build/obj/serial_usb.o
                0x000000000800e9c0                sduDataReceived
 *fill*         0x000000000800ea2c        0x4 
 .text.sduInterruptTransmitted
                0x000000000800ea30        0x4 build/obj/serial_usb.o
                0x000000000800ea30                sduInterruptTransmitted
 *fill*         0x000000000800ea34        0xc 
 .text.spiInit  0x000000000800ea40        0x4 build/obj/spi.o
                0x000000000800ea40                spiInit
 *fill*         0x000000000800ea44        0xc 
 .text.spiObjectInit
                0x000000000800ea50       0x10 build/obj/spi.o
                0x000000000800ea50                spiObjectInit
 .text.uartInit
                0x000000000800ea60        0x4 build/obj/uart.o
                0x000000000800ea60                uartInit
 *fill*         0x000000000800ea64        0xc 
 .text.uartObjectInit
                0x000000000800ea70       0x10 build/obj/uart.o
                0x000000000800ea70                uartObjectInit
 .text.uartStart
                0x000000000800ea80       0x1c build/obj/uart.o
                0x000000000800ea80                uartStart
 *fill*         0x000000000800ea9c        0x4 
 .text.uartStop
                0x000000000800eaa0       0x20 build/obj/uart.o
                0x000000000800eaa0                uartStop
 .text.uartStartSend
                0x000000000800eac0       0x1c build/obj/uart.o
                0x000000000800eac0                uartStartSend
 *fill*         0x000000000800eadc        0x4 
 .text.usbInit  0x000000000800eae0        0x4 build/obj/usb.o
                0x000000000800eae0                usbInit
 *fill*         0x000000000800eae4        0xc 
 .text.usbObjectInit
                0x000000000800eaf0       0x18 build/obj/usb.o
                0x000000000800eaf0                usbObjectInit
 *fill*         0x000000000800eb08        0x8 
 .text.usbStart
                0x000000000800eb10       0x24 build/obj/usb.o
                0x000000000800eb10                usbStart
 *fill*         0x000000000800eb34        0xc 
 .text.usbStop  0x000000000800eb40       0x1c build/obj/usb.o
                0x000000000800eb40                usbStop
 *fill*         0x000000000800eb5c        0x4 
 .text.usbInitEndpointI
                0x000000000800eb60       0x30 build/obj/usb.o
                0x000000000800eb60                usbInitEndpointI
 .text.usbPrepareQueuedReceive
                0x000000000800eb90       0x1c build/obj/usb.o
                0x000000000800eb90                usbPrepareQueuedReceive
 *fill*         0x000000000800ebac        0x4 
 .text.usbPrepareQueuedTransmit
                0x000000000800ebb0       0x1c build/obj/usb.o
                0x000000000800ebb0                usbPrepareQueuedTransmit
 *fill*         0x000000000800ebcc        0x4 
 .text.usbStartReceiveI
                0x000000000800ebd0       0x24 build/obj/usb.o
                0x000000000800ebd0                usbStartReceiveI
 *fill*         0x000000000800ebf4        0xc 
 .text.usbStartTransmitI
                0x000000000800ec00       0x24 build/obj/usb.o
                0x000000000800ec00                usbStartTransmitI
 *fill*         0x000000000800ec24        0xc 
 .text._usb_reset
                0x000000000800ec30       0x1c build/obj/usb.o
                0x000000000800ec30                _usb_reset
 *fill*         0x000000000800ec4c        0x4 
 .text._usb_ep0setup
                0x000000000800ec50      0x340 build/obj/usb.o
                0x000000000800ec50                _usb_ep0setup
 .text._usb_ep0in
                0x000000000800ef90       0xe4 build/obj/usb.o
                0x000000000800ef90                _usb_ep0in
 *fill*         0x000000000800f074        0xc 
 .text._usb_ep0out
                0x000000000800f080       0x98 build/obj/usb.o
                0x000000000800f080                _usb_ep0out
 *fill*         0x000000000800f118        0x8 
 .text.nvicEnableVector
                0x000000000800f120       0x34 build/obj/nvic.o
                0x000000000800f120                nvicEnableVector
 *fill*         0x000000000800f154        0xc 
 .text.nvicDisableVector
                0x000000000800f160       0x28 build/obj/nvic.o
                0x000000000800f160                nvicDisableVector
 *fill*         0x000000000800f188        0x8 
 .text.nvicSetSystemHandlerPriority
                0x000000000800f190       0x10 build/obj/nvic.o
                0x000000000800f190                nvicSetSystemHandlerPriority
 .text.Vector6C
                0x000000000800f1a0       0x28 build/obj/stm32_dma.o
                0x000000000800f1a0                Vector6C
 *fill*         0x000000000800f1c8        0x8 
 .text.Vector70
                0x000000000800f1d0       0x2c build/obj/stm32_dma.o
                0x000000000800f1d0                Vector70
 *fill*         0x000000000800f1fc        0x4 
 .text.Vector74
                0x000000000800f200       0x2c build/obj/stm32_dma.o
                0x000000000800f200                Vector74
 *fill*         0x000000000800f22c        0x4 
 .text.Vector78
                0x000000000800f230       0x2c build/obj/stm32_dma.o
                0x000000000800f230                Vector78
 *fill*         0x000000000800f25c        0x4 
 .text.Vector7C
                0x000000000800f260       0x28 build/obj/stm32_dma.o
                0x000000000800f260                Vector7C
 *fill*         0x000000000800f288        0x8 
 .text.Vector80
                0x000000000800f290       0x2c build/obj/stm32_dma.o
                0x000000000800f290                Vector80
 *fill*         0x000000000800f2bc        0x4 
 .text.Vector84
                0x000000000800f2c0       0x2c build/obj/stm32_dma.o
                0x000000000800f2c0                Vector84
 *fill*         0x000000000800f2ec        0x4 
 .text.VectorFC
                0x000000000800f2f0       0x2c build/obj/stm32_dma.o
                0x000000000800f2f0                VectorFC
 *fill*         0x000000000800f31c        0x4 
 .text.Vector120
                0x000000000800f320       0x28 build/obj/stm32_dma.o
                0x000000000800f320                Vector120
 *fill*         0x000000000800f348        0x8 
 .text.Vector124
                0x000000000800f350       0x2c build/obj/stm32_dma.o
                0x000000000800f350                Vector124
 *fill*         0x000000000800f37c        0x4 
 .text.Vector128
                0x000000000800f380       0x2c build/obj/stm32_dma.o
                0x000000000800f380                Vector128
 *fill*         0x000000000800f3ac        0x4 
 .text.Vector12C
                0x000000000800f3b0       0x2c build/obj/stm32_dma.o
                0x000000000800f3b0                Vector12C
 *fill*         0x000000000800f3dc        0x4 
 .text.Vector130
                0x000000000800f3e0       0x28 build/obj/stm32_dma.o
                0x000000000800f3e0                Vector130
 *fill*         0x000000000800f408        0x8 
 .text.Vector150
                0x000000000800f410       0x2c build/obj/stm32_dma.o
                0x000000000800f410                Vector150
 *fill*         0x000000000800f43c        0x4 
 .text.Vector154
                0x000000000800f440       0x2c build/obj/stm32_dma.o
                0x000000000800f440                Vector154
 *fill*         0x000000000800f46c        0x4 
 .text.Vector158
                0x000000000800f470       0x2c build/obj/stm32_dma.o
                0x000000000800f470                Vector158
 *fill*         0x000000000800f49c        0x4 
 .text.dmaInit  0x000000000800f4a0       0x54 build/obj/stm32_dma.o
                0x000000000800f4a0                dmaInit
 *fill*         0x000000000800f4f4        0xc 
 .text.dmaStreamAllocate
                0x000000000800f500       0x90 build/obj/stm32_dma.o
                0x000000000800f500                dmaStreamAllocate
 .text.dmaStreamRelease
                0x000000000800f590       0x44 build/obj/stm32_dma.o
                0x000000000800f590                dmaStreamRelease
 *fill*         0x000000000800f5d4        0xc 
 .text.hal_lld_init
                0x000000000800f5e0       0x68 build/obj/hal_lld.o
                0x000000000800f5e0                hal_lld_init
 *fill*         0x000000000800f648        0x8 
 .text.stm32_clock_init
                0x000000000800f650       0xc0 build/obj/hal_lld.o
                0x000000000800f650                stm32_clock_init
 .text.SysTick_Handler
                0x000000000800f710       0x1c build/obj/st_lld.o
                0x000000000800f710                SysTick_Handler
 *fill*         0x000000000800f72c        0x4 
 .text.st_lld_init
                0x000000000800f730       0x1c build/obj/st_lld.o
                0x000000000800f730                st_lld_init
 *fill*         0x000000000800f74c        0x4 
 .text.can_lld_set_filters
                0x000000000800f750      0x11c build/obj/can_lld.o
 *fill*         0x000000000800f86c        0x4 
 .text.Vector8C
                0x000000000800f870       0x3c build/obj/can_lld.o
                0x000000000800f870                Vector8C
 *fill*         0x000000000800f8ac        0x4 
 .text.Vector90
                0x000000000800f8b0       0x64 build/obj/can_lld.o
                0x000000000800f8b0                Vector90
 *fill*         0x000000000800f914        0xc 
 .text.Vector94
                0x000000000800f920       0x64 build/obj/can_lld.o
                0x000000000800f920                Vector94
 *fill*         0x000000000800f984        0xc 
 .text.Vector98
                0x000000000800f990       0x78 build/obj/can_lld.o
                0x000000000800f990                Vector98
 *fill*         0x000000000800fa08        0x8 
 .text.can_lld_init
                0x000000000800fa10       0x24 build/obj/can_lld.o
                0x000000000800fa10                can_lld_init
 *fill*         0x000000000800fa34        0xc 
 .text.can_lld_start
                0x000000000800fa40       0x70 build/obj/can_lld.o
                0x000000000800fa40                can_lld_start
 .text.can_lld_stop
                0x000000000800fab0       0x50 build/obj/can_lld.o
                0x000000000800fab0                can_lld_stop
 .text.can_lld_is_tx_empty
                0x000000000800fb00       0x40 build/obj/can_lld.o
                0x000000000800fb00                can_lld_is_tx_empty
 .text.can_lld_transmit
                0x000000000800fb40       0x70 build/obj/can_lld.o
                0x000000000800fb40                can_lld_transmit
 .text.can_lld_is_rx_nonempty
                0x000000000800fbb0       0x38 build/obj/can_lld.o
                0x000000000800fbb0                can_lld_is_rx_nonempty
 *fill*         0x000000000800fbe8        0x8 
 .text.can_lld_receive
                0x000000000800fbf0       0xb0 build/obj/can_lld.o
                0x000000000800fbf0                can_lld_receive
 .text._pal_lld_init
                0x000000000800fca0      0x1b0 build/obj/pal_lld.o
                0x000000000800fca0                _pal_lld_init
 .text._pal_lld_setgroupmode
                0x000000000800fe50       0xbc build/obj/pal_lld.o
                0x000000000800fe50                _pal_lld_setgroupmode
 *fill*         0x000000000800ff0c        0x4 
 .text.i2c_lld_serve_tx_end_irq
                0x000000000800ff10       0x40 build/obj/i2c_lld.o
 .text.i2c_lld_serve_rx_end_irq
                0x000000000800ff50       0x64 build/obj/i2c_lld.o
 *fill*         0x000000000800ffb4        0xc 
 .text.VectorC4
                0x000000000800ffc0       0xf4 build/obj/i2c_lld.o
                0x000000000800ffc0                VectorC4
 *fill*         0x00000000080100b4        0xc 
 .text.VectorC8
                0x00000000080100c0       0xdc build/obj/i2c_lld.o
                0x00000000080100c0                VectorC8
 *fill*         0x000000000801019c        0x4 
 .text.i2c_lld_init
                0x00000000080101a0       0x2c build/obj/i2c_lld.o
                0x00000000080101a0                i2c_lld_init
 *fill*         0x00000000080101cc        0x4 
 .text.i2c_lld_start
                0x00000000080101d0      0x164 build/obj/i2c_lld.o
                0x00000000080101d0                i2c_lld_start
 *fill*         0x0000000008010334        0xc 
 .text.i2c_lld_stop
                0x0000000008010340       0x88 build/obj/i2c_lld.o
                0x0000000008010340                i2c_lld_stop
 *fill*         0x00000000080103c8        0x8 
 .text.i2c_lld_master_receive_timeout
                0x00000000080103d0       0x74 build/obj/i2c_lld.o
                0x00000000080103d0                i2c_lld_master_receive_timeout
 *fill*         0x0000000008010444        0xc 
 .text.i2c_lld_master_transmit_timeout
                0x0000000008010450       0x90 build/obj/i2c_lld.o
                0x0000000008010450                i2c_lld_master_transmit_timeout
 .text.usb_lld_pump
                0x00000000080104e0      0x38c build/obj/usb_lld.o
                0x00000000080104e0                usb_lld_pump
 *fill*         0x000000000801086c        0x4 
 .text.otg_disable_ep.isra.0
                0x0000000008010870       0x74 build/obj/usb_lld.o
 *fill*         0x00000000080108e4        0xc 
 .text.usb_lld_init
                0x00000000080108f0       0x24 build/obj/usb_lld.o
                0x00000000080108f0                usb_lld_init
 *fill*         0x0000000008010914        0xc 
 .text.usb_lld_start
                0x0000000008010920       0xe4 build/obj/usb_lld.o
                0x0000000008010920                usb_lld_start
 *fill*         0x0000000008010a04        0xc 
 .text.usb_lld_stop
                0x0000000008010a10       0x44 build/obj/usb_lld.o
                0x0000000008010a10                usb_lld_stop
 *fill*         0x0000000008010a54        0xc 
 .text.usb_lld_reset
                0x0000000008010a60       0xbc build/obj/usb_lld.o
                0x0000000008010a60                usb_lld_reset
 *fill*         0x0000000008010b1c        0x4 
 .text.usb_lld_set_address
                0x0000000008010b20       0x18 build/obj/usb_lld.o
                0x0000000008010b20                usb_lld_set_address
 *fill*         0x0000000008010b38        0x8 
 .text.usb_lld_init_endpoint
                0x0000000008010b40      0x164 build/obj/usb_lld.o
                0x0000000008010b40                usb_lld_init_endpoint
 *fill*         0x0000000008010ca4        0xc 
 .text.usb_lld_get_status_out
                0x0000000008010cb0       0x1c build/obj/usb_lld.o
                0x0000000008010cb0                usb_lld_get_status_out
 *fill*         0x0000000008010ccc        0x4 
 .text.usb_lld_get_status_in
                0x0000000008010cd0       0x1c build/obj/usb_lld.o
                0x0000000008010cd0                usb_lld_get_status_in
 *fill*         0x0000000008010cec        0x4 
 .text.usb_lld_read_setup
                0x0000000008010cf0       0x14 build/obj/usb_lld.o
                0x0000000008010cf0                usb_lld_read_setup
 *fill*         0x0000000008010d04        0xc 
 .text.usb_lld_prepare_receive
                0x0000000008010d10       0x40 build/obj/usb_lld.o
                0x0000000008010d10                usb_lld_prepare_receive
 .text.otg_epout_handler.constprop.7
                0x0000000008010d50       0x9c build/obj/usb_lld.o
 *fill*         0x0000000008010dec        0x4 
 .text.usb_lld_prepare_transmit
                0x0000000008010df0       0x4c build/obj/usb_lld.o
                0x0000000008010df0                usb_lld_prepare_transmit
 *fill*         0x0000000008010e3c        0x4 
 .text.otg_epin_handler.constprop.8
                0x0000000008010e40       0xd0 build/obj/usb_lld.o
 .text.Vector14C
                0x0000000008010f10       0xf4 build/obj/usb_lld.o
                0x0000000008010f10                Vector14C
 *fill*         0x0000000008011004        0xc 
 .text.usb_lld_start_out
                0x0000000008011010       0x14 build/obj/usb_lld.o
                0x0000000008011010                usb_lld_start_out
 *fill*         0x0000000008011024        0xc 
 .text.usb_lld_start_in
                0x0000000008011030       0x2c build/obj/usb_lld.o
                0x0000000008011030                usb_lld_start_in
 *fill*         0x000000000801105c        0x4 
 .text.usb_lld_stall_out
                0x0000000008011060       0x14 build/obj/usb_lld.o
                0x0000000008011060                usb_lld_stall_out
 *fill*         0x0000000008011074        0xc 
 .text.usb_lld_stall_in
                0x0000000008011080       0x14 build/obj/usb_lld.o
                0x0000000008011080                usb_lld_stall_in
 *fill*         0x0000000008011094        0xc 
 .text.usb_lld_clear_out
                0x00000000080110a0       0x14 build/obj/usb_lld.o
                0x00000000080110a0                usb_lld_clear_out
 *fill*         0x00000000080110b4        0xc 
 .text.usb_lld_clear_in
                0x00000000080110c0       0x14 build/obj/usb_lld.o
                0x00000000080110c0                usb_lld_clear_in
 *fill*         0x00000000080110d4        0xc 
 .text.spi_lld_init
                0x00000000080110e0       0x44 build/obj/spi_lld.o
                0x00000000080110e0                spi_lld_init
 *fill*         0x0000000008011124        0xc 
 .text.VectorB4
                0x0000000008011130       0xa0 build/obj/icu_lld.o
                0x0000000008011130                VectorB4
 .text.icu_lld_init
                0x00000000080111d0       0x18 build/obj/icu_lld.o
                0x00000000080111d0                icu_lld_init
 *fill*         0x00000000080111e8        0x8 
 .text.icu_lld_start
                0x00000000080111f0       0xbc build/obj/icu_lld.o
                0x00000000080111f0                icu_lld_start
 *fill*         0x00000000080112ac        0x4 
 .text.icu_lld_stop
                0x00000000080112b0       0x34 build/obj/icu_lld.o
                0x00000000080112b0                icu_lld_stop
 *fill*         0x00000000080112e4        0xc 
 .text.icu_lld_start_capture
                0x00000000080112f0       0x14 build/obj/icu_lld.o
                0x00000000080112f0                icu_lld_start_capture
 *fill*         0x0000000008011304        0xc 
 .text.icu_lld_enable_notifications
                0x0000000008011310       0x3c build/obj/icu_lld.o
                0x0000000008011310                icu_lld_enable_notifications
 *fill*         0x000000000801134c        0x4 
 .text.usart_stop
                0x0000000008011350       0x48 build/obj/uart_lld.o
 *fill*         0x0000000008011398        0x8 
 .text.serve_usart_irq
                0x00000000080113a0       0x78 build/obj/uart_lld.o
 *fill*         0x0000000008011418        0x8 
 .text.uart_lld_serve_tx_end_irq
                0x0000000008011420       0x50 build/obj/uart_lld.o
 .text.uart_lld_serve_rx_end_irq
                0x0000000008011470       0x90 build/obj/uart_lld.o
 .text.VectorDC
                0x0000000008011500       0x14 build/obj/uart_lld.o
                0x0000000008011500                VectorDC
 *fill*         0x0000000008011514        0xc 
 .text.Vector15C
                0x0000000008011520       0x14 build/obj/uart_lld.o
                0x0000000008011520                Vector15C
 *fill*         0x0000000008011534        0xc 
 .text.uart_lld_init
                0x0000000008011540       0x48 build/obj/uart_lld.o
                0x0000000008011540                uart_lld_init
 *fill*         0x0000000008011588        0x8 
 .text.uart_lld_start
                0x0000000008011590      0x150 build/obj/uart_lld.o
                0x0000000008011590                uart_lld_start
 .text.uart_lld_stop
                0x00000000080116e0       0x5c build/obj/uart_lld.o
                0x00000000080116e0                uart_lld_stop
 *fill*         0x000000000801173c        0x4 
 .text.uart_lld_start_send
                0x0000000008011740       0x34 build/obj/uart_lld.o
                0x0000000008011740                uart_lld_start_send
 *fill*         0x0000000008011774        0xc 
 .text._sbrk_r  0x0000000008011780       0x18 build/obj/syscalls.o
                0x0000000008011780                _sbrk_r
 *fill*         0x0000000008011798        0x8 
 .text.__early_init
                0x00000000080117a0        0x4 build/obj/board.o
                0x00000000080117a0                __early_init
 *fill*         0x00000000080117a4        0xc 
 .text.boardInit
                0x00000000080117b0        0x4 build/obj/board.o
                0x00000000080117b0                boardInit
 *fill*         0x00000000080117b4        0xc 
 .text.timer_thread
                0x00000000080117c0       0x20 build/obj/main.o
 .text.periodic_thread
                0x00000000080117e0      0x130 build/obj/main.o
 .text.startup.main
                0x0000000008011910       0xa0 build/obj/main.o
                0x0000000008011910                main
 .text.get_descriptor
                0x00000000080119b0       0x30 build/obj/comm_usb_serial.o
 .text.usb_event
                0x00000000080119e0       0x40 build/obj/comm_usb_serial.o
 .text.comm_usb_serial_init
                0x0000000008011a20       0x6c build/obj/comm_usb_serial.o
                0x0000000008011a20                comm_usb_serial_init
 *fill*         0x0000000008011a8c        0x4 
 .text.Vector88
                0x0000000008011a90       0x1c build/obj/irq_handlers.o
                0x0000000008011a90                Vector88
 *fill*         0x0000000008011aac        0x4 
 .text.VectorE0
                0x0000000008011ab0       0x20 build/obj/irq_handlers.o
                0x0000000008011ab0                VectorE0
 .text.VectorB8
                0x0000000008011ad0       0x24 build/obj/irq_handlers.o
                0x0000000008011ad0                VectorB8
 *fill*         0x0000000008011af4        0xc 
 .text.VectorF8
                0x0000000008011b00       0x24 build/obj/irq_handlers.o
                0x0000000008011b00                VectorF8
 *fill*         0x0000000008011b24        0xc 
 .text.buffer_append_int16
                0x0000000008011b30       0x18 build/obj/buffer.o
                0x0000000008011b30                buffer_append_int16
 *fill*         0x0000000008011b48        0x8 
 .text.buffer_append_uint16
                0x0000000008011b50       0x18 build/obj/buffer.o
                0x0000000008011b50                buffer_append_uint16
 *fill*         0x0000000008011b68        0x8 
 .text.buffer_append_int32
                0x0000000008011b70       0x2c build/obj/buffer.o
                0x0000000008011b70                buffer_append_int32
 *fill*         0x0000000008011b9c        0x4 
 .text.buffer_append_uint32
                0x0000000008011ba0       0x2c build/obj/buffer.o
                0x0000000008011ba0                buffer_append_uint32
 *fill*         0x0000000008011bcc        0x4 
 .text.buffer_append_float16
                0x0000000008011bd0       0x28 build/obj/buffer.o
                0x0000000008011bd0                buffer_append_float16
 *fill*         0x0000000008011bf8        0x8 
 .text.buffer_append_float32
                0x0000000008011c00       0x14 build/obj/buffer.o
                0x0000000008011c00                buffer_append_float32
 *fill*         0x0000000008011c14        0xc 
 .text.buffer_append_float32_auto
                0x0000000008011c20       0x78 build/obj/buffer.o
                0x0000000008011c20                buffer_append_float32_auto
 *fill*         0x0000000008011c98        0x8 
 .text.buffer_get_int16
                0x0000000008011ca0       0x1c build/obj/buffer.o
                0x0000000008011ca0                buffer_get_int16
 *fill*         0x0000000008011cbc        0x4 
 .text.buffer_get_uint16
                0x0000000008011cc0       0x14 build/obj/buffer.o
                0x0000000008011cc0                buffer_get_uint16
 *fill*         0x0000000008011cd4        0xc 
 .text.buffer_get_int32
                0x0000000008011ce0       0x24 build/obj/buffer.o
                0x0000000008011ce0                buffer_get_int32
 *fill*         0x0000000008011d04        0xc 
 .text.buffer_get_uint32
                0x0000000008011d10       0x24 build/obj/buffer.o
                0x0000000008011d10                buffer_get_uint32
 *fill*         0x0000000008011d34        0xc 
 .text.buffer_get_float32
                0x0000000008011d40       0x14 build/obj/buffer.o
                0x0000000008011d40                buffer_get_float32
 *fill*         0x0000000008011d54        0xc 
 .text.buffer_get_float32_auto
                0x0000000008011d60       0x48 build/obj/buffer.o
                0x0000000008011d60                buffer_get_float32_auto
 *fill*         0x0000000008011da8        0x8 
 .text.send_packet
                0x0000000008011db0       0x1c build/obj/comm_usb.o
 *fill*         0x0000000008011dcc        0x4 
 .text.serial_process_thread
                0x0000000008011dd0       0x60 build/obj/comm_usb.o
 .text.serial_read_thread
                0x0000000008011e30       0x74 build/obj/comm_usb.o
 *fill*         0x0000000008011ea4        0xc 
 .text.process_packet
                0x0000000008011eb0       0x1c build/obj/comm_usb.o
 *fill*         0x0000000008011ecc        0x4 
 .text.send_packet_wrapper
                0x0000000008011ed0       0x28 build/obj/comm_usb.o
 *fill*         0x0000000008011ef8        0x8 
 .text.comm_usb_init
                0x0000000008011f00       0x5c build/obj/comm_usb.o
                0x0000000008011f00                comm_usb_init
 *fill*         0x0000000008011f5c        0x4 
 .text.crc16    0x0000000008011f60       0x30 build/obj/crc.o
                0x0000000008011f60                crc16
 .text.filter_fft
                0x0000000008011f90      0x1f0 build/obj/digital_filter.o
                0x0000000008011f90                filter_fft
 .text.filter_hamming
                0x0000000008012180       0xd4 build/obj/digital_filter.o
                0x0000000008012180                filter_hamming
 *fill*         0x0000000008012254        0xc 
 .text.filter_create_fir_lowpass
                0x0000000008012260       0xbc build/obj/digital_filter.o
                0x0000000008012260                filter_create_fir_lowpass
 *fill*         0x000000000801231c        0x4 
 .text.filter_run_fir_iteration
                0x0000000008012320       0x4c build/obj/digital_filter.o
                0x0000000008012320                filter_run_fir_iteration
 *fill*         0x000000000801236c        0x4 
 .text.filter_add_sample
                0x0000000008012370       0x24 build/obj/digital_filter.o
                0x0000000008012370                filter_add_sample
 *fill*         0x0000000008012394        0xc 
 .text.ledpwm_init
                0x00000000080123a0       0x64 build/obj/ledpwm.o
                0x00000000080123a0                ledpwm_init
 *fill*         0x0000000008012404        0xc 
 .text.ledpwm_set_intensity
                0x0000000008012410       0x50 build/obj/ledpwm.o
                0x0000000008012410                ledpwm_set_intensity
 .text.ledpwm_update_pwm
                0x0000000008012460       0x40 build/obj/ledpwm.o
                0x0000000008012460                ledpwm_update_pwm
 .text.update_adc_sample_pos
                0x00000000080124a0      0x1c0 build/obj/mcpwm.o
 .text.update_rpm_tacho
                0x0000000008012660       0xa0 build/obj/mcpwm.o
 .text.update_sensor_mode
                0x0000000008012700       0x4c build/obj/mcpwm.o
 *fill*         0x000000000801274c        0x4 
 .text.update_timer_attempt
                0x0000000008012750       0x78 build/obj/mcpwm.o
 *fill*         0x00000000080127c8        0x8 
 .text.set_next_timer_settings
                0x00000000080127d0       0x2c build/obj/mcpwm.o
 *fill*         0x00000000080127fc        0x4 
 .text.set_switching_frequency
                0x0000000008012800       0x54 build/obj/mcpwm.o
 *fill*         0x0000000008012854        0xc 
 .text.set_duty_cycle_hw
                0x0000000008012860      0x118 build/obj/mcpwm.o
 *fill*         0x0000000008012978        0x8 
 .text.set_next_comm_step
                0x0000000008012980      0x460 build/obj/mcpwm.o
 .text.full_brake_hw
                0x0000000008012de0       0x80 build/obj/mcpwm.o
 .text.stop_pwm_hw
                0x0000000008012e60       0x80 build/obj/mcpwm.o
 .text.commutate
                0x0000000008012ee0       0xec build/obj/mcpwm.o
 *fill*         0x0000000008012fcc        0x4 
 .text.timer_thread
                0x0000000008012fd0      0x24c build/obj/mcpwm.o
 *fill*         0x000000000801321c        0x4 
 .text.mcpwm_deinit
                0x0000000008013220       0x80 build/obj/mcpwm.o
                0x0000000008013220                mcpwm_deinit
 .text.mcpwm_init_done
                0x00000000080132a0        0xc build/obj/mcpwm.o
                0x00000000080132a0                mcpwm_init_done
 *fill*         0x00000000080132ac        0x4 
 .text.mcpwm_init_hall_table
                0x00000000080132b0       0x48 build/obj/mcpwm.o
                0x00000000080132b0                mcpwm_init_hall_table
 *fill*         0x00000000080132f8        0x8 
 .text.mcpwm_init
                0x0000000008013300      0x634 build/obj/mcpwm.o
                0x0000000008013300                mcpwm_init
 *fill*         0x0000000008013934        0xc 
 .text.mcpwm_set_configuration
                0x0000000008013940       0x50 build/obj/mcpwm.o
                0x0000000008013940                mcpwm_set_configuration
 .text.mcpwm_set_pid_speed
                0x0000000008013990       0x18 build/obj/mcpwm.o
                0x0000000008013990                mcpwm_set_pid_speed
 *fill*         0x00000000080139a8        0x8 
 .text.mcpwm_set_brake_current
                0x00000000080139b0       0xd8 build/obj/mcpwm.o
                0x00000000080139b0                mcpwm_set_brake_current
 *fill*         0x0000000008013a88        0x8 
 .text.mcpwm_get_comm_step
                0x0000000008013a90        0xc build/obj/mcpwm.o
                0x0000000008013a90                mcpwm_get_comm_step
 *fill*         0x0000000008013a9c        0x4 
 .text.mcpwm_get_duty_cycle_now
                0x0000000008013aa0        0xc build/obj/mcpwm.o
                0x0000000008013aa0                mcpwm_get_duty_cycle_now
 *fill*         0x0000000008013aac        0x4 
 .text.mcpwm_get_switching_frequency_now
                0x0000000008013ab0        0xc build/obj/mcpwm.o
                0x0000000008013ab0                mcpwm_get_switching_frequency_now
 *fill*         0x0000000008013abc        0x4 
 .text.mcpwm_get_rpm
                0x0000000008013ac0       0x24 build/obj/mcpwm.o
                0x0000000008013ac0                mcpwm_get_rpm
 *fill*         0x0000000008013ae4        0xc 
 .text.mcpwm_get_state
                0x0000000008013af0        0xc build/obj/mcpwm.o
                0x0000000008013af0                mcpwm_get_state
 *fill*         0x0000000008013afc        0x4 
 .text.mcpwm_get_kv_filtered
                0x0000000008013b00       0x1c build/obj/mcpwm.o
                0x0000000008013b00                mcpwm_get_kv_filtered
 *fill*         0x0000000008013b1c        0x4 
 .text.mcpwm_get_tot_current
                0x0000000008013b20        0xc build/obj/mcpwm.o
                0x0000000008013b20                mcpwm_get_tot_current
 *fill*         0x0000000008013b2c        0x4 
 .text.mcpwm_get_tot_current_filtered
                0x0000000008013b30        0xc build/obj/mcpwm.o
                0x0000000008013b30                mcpwm_get_tot_current_filtered
 *fill*         0x0000000008013b3c        0x4 
 .text.mcpwm_get_tot_current_directional
                0x0000000008013b40       0x24 build/obj/mcpwm.o
                0x0000000008013b40                mcpwm_get_tot_current_directional
 *fill*         0x0000000008013b64        0xc 
 .text.mcpwm_get_tot_current_directional_filtered
                0x0000000008013b70       0x24 build/obj/mcpwm.o
                0x0000000008013b70                mcpwm_get_tot_current_directional_filtered
 *fill*         0x0000000008013b94        0xc 
 .text.mcpwm_get_tot_current_in_filtered
                0x0000000008013ba0       0x20 build/obj/mcpwm.o
                0x0000000008013ba0                mcpwm_get_tot_current_in_filtered
 .text.mcpwm_get_tachometer_value
                0x0000000008013bc0       0x14 build/obj/mcpwm.o
                0x0000000008013bc0                mcpwm_get_tachometer_value
 *fill*         0x0000000008013bd4        0xc 
 .text.mcpwm_get_tachometer_abs_value
                0x0000000008013be0       0x14 build/obj/mcpwm.o
                0x0000000008013be0                mcpwm_get_tachometer_abs_value
 *fill*         0x0000000008013bf4        0xc 
 .text.mcpwm_stop_pwm
                0x0000000008013c00       0x28 build/obj/mcpwm.o
                0x0000000008013c00                mcpwm_stop_pwm
 *fill*         0x0000000008013c28        0x8 
 .text.mcpwm_adc_inj_int_handler
                0x0000000008013c30      0x448 build/obj/mcpwm.o
                0x0000000008013c30                mcpwm_adc_inj_int_handler
 *fill*         0x0000000008014078        0x8 
 .text.mcpwm_set_detect
                0x0000000008014080       0x60 build/obj/mcpwm.o
                0x0000000008014080                mcpwm_set_detect
 .text.mcpwm_get_detect_pos
                0x00000000080140e0      0x110 build/obj/mcpwm.o
                0x00000000080140e0                mcpwm_get_detect_pos
 .text.mcpwm_read_reset_avg_cycle_integrator
                0x00000000080141f0       0x20 build/obj/mcpwm.o
                0x00000000080141f0                mcpwm_read_reset_avg_cycle_integrator
 .text.mcpwm_get_last_adc_isr_duration
                0x0000000008014210        0xc build/obj/mcpwm.o
                0x0000000008014210                mcpwm_get_last_adc_isr_duration
 *fill*         0x000000000801421c        0x4 
 .text.mcpwm_get_last_inj_adc_isr_duration
                0x0000000008014220        0xc build/obj/mcpwm.o
                0x0000000008014220                mcpwm_get_last_inj_adc_isr_duration
 *fill*         0x000000000801422c        0x4 
 .text.mcpwm_get_rpm_dep
                0x0000000008014230       0x20 build/obj/mcpwm.o
                0x0000000008014230                mcpwm_get_rpm_dep
 .text.mcpwm_is_dccal_done
                0x0000000008014250        0xc build/obj/mcpwm.o
                0x0000000008014250                mcpwm_is_dccal_done
 *fill*         0x000000000801425c        0x4 
 .text.mcpwm_switch_comm_mode
                0x0000000008014260        0xc build/obj/mcpwm.o
                0x0000000008014260                mcpwm_switch_comm_mode
 *fill*         0x000000000801426c        0x4 
 .text.mcpwm_reset_hall_detect_table
                0x0000000008014270       0x10 build/obj/mcpwm.o
                0x0000000008014270                mcpwm_reset_hall_detect_table
 .text.mcpwm_get_hall_detect_result
                0x0000000008014280       0xb8 build/obj/mcpwm.o
                0x0000000008014280                mcpwm_get_hall_detect_result
 *fill*         0x0000000008014338        0x8 
 .text.mcpwm_read_hall_phase
                0x0000000008014340       0x40 build/obj/mcpwm.o
                0x0000000008014340                mcpwm_read_hall_phase
 .text.set_duty_cycle_ll
                0x0000000008014380      0x1a4 build/obj/mcpwm.o
 *fill*         0x0000000008014524        0xc 
 .text.set_duty_cycle_hl
                0x0000000008014530      0x10c build/obj/mcpwm.o
 *fill*         0x000000000801463c        0x4 
 .text.mcpwm_set_duty
                0x0000000008014640       0x10 build/obj/mcpwm.o
                0x0000000008014640                mcpwm_set_duty
 .text.rpm_thread
                0x0000000008014650      0x3cc build/obj/mcpwm.o
 *fill*         0x0000000008014a1c        0x4 
 .text.mcpwm_set_pid_pos
                0x0000000008014a20       0x34 build/obj/mcpwm.o
                0x0000000008014a20                mcpwm_set_pid_pos
 *fill*         0x0000000008014a54        0xc 
 .text.mcpwm_set_current
                0x0000000008014a60       0x9c build/obj/mcpwm.o
                0x0000000008014a60                mcpwm_set_current
 *fill*         0x0000000008014afc        0x4 
 .text.mcpwm_adc_int_handler
                0x0000000008014b00      0xc14 build/obj/mcpwm.o
                0x0000000008014b00                mcpwm_adc_int_handler
 *fill*         0x0000000008015714        0xc 
 .text.icuperiodcb
                0x0000000008015720        0x4 build/obj/servo_dec.o
 *fill*         0x0000000008015724        0xc 
 .text.icuwidthcb
                0x0000000008015730      0x13c build/obj/servo_dec.o
 *fill*         0x000000000801586c        0x4 
 .text.servodec_init
                0x0000000008015870       0x58 build/obj/servo_dec.o
                0x0000000008015870                servodec_init
 *fill*         0x00000000080158c8        0x8 
 .text.servodec_stop
                0x00000000080158d0       0x54 build/obj/servo_dec.o
                0x00000000080158d0                servodec_stop
 *fill*         0x0000000008015924        0xc 
 .text.servodec_set_pulse_options
                0x0000000008015930       0x20 build/obj/servo_dec.o
                0x0000000008015930                servodec_set_pulse_options
 .text.servodec_get_servo
                0x0000000008015950       0x1c build/obj/servo_dec.o
                0x0000000008015950                servodec_get_servo
 *fill*         0x000000000801596c        0x4 
 .text.servodec_get_time_since_update
                0x0000000008015970       0x20 build/obj/servo_dec.o
                0x0000000008015970                servodec_get_time_since_update
 .text.servodec_get_last_pulse_len
                0x0000000008015990       0x1c build/obj/servo_dec.o
                0x0000000008015990                servodec_get_last_pulse_len
 *fill*         0x00000000080159ac        0x4 
 .text.utils_step_towards
                0x00000000080159b0       0x38 build/obj/utils.o
                0x00000000080159b0                utils_step_towards
 *fill*         0x00000000080159e8        0x8 
 .text.utils_norm_angle
                0x00000000080159f0       0x34 build/obj/utils.o
                0x00000000080159f0                utils_norm_angle
 *fill*         0x0000000008015a24        0xc 
 .text.utils_norm_angle_rad
                0x0000000008015a30       0x5c build/obj/utils.o
                0x0000000008015a30                utils_norm_angle_rad
 *fill*         0x0000000008015a8c        0x4 
 .text.utils_truncate_number
                0x0000000008015a90       0x2c build/obj/utils.o
                0x0000000008015a90                utils_truncate_number
 *fill*         0x0000000008015abc        0x4 
 .text.utils_truncate_number_int
                0x0000000008015ac0       0x18 build/obj/utils.o
                0x0000000008015ac0                utils_truncate_number_int
 *fill*         0x0000000008015ad8        0x8 
 .text.utils_truncate_number_abs
                0x0000000008015ae0       0x28 build/obj/utils.o
                0x0000000008015ae0                utils_truncate_number_abs
 *fill*         0x0000000008015b08        0x8 
 .text.utils_map
                0x0000000008015b10       0x1c build/obj/utils.o
                0x0000000008015b10                utils_map
 *fill*         0x0000000008015b2c        0x4 
 .text.utils_deadband
                0x0000000008015b30       0x48 build/obj/utils.o
                0x0000000008015b30                utils_deadband
 *fill*         0x0000000008015b78        0x8 
 .text.utils_angle_difference
                0x0000000008015b80       0x54 build/obj/utils.o
                0x0000000008015b80                utils_angle_difference
 *fill*         0x0000000008015bd4        0xc 
 .text.utils_angle_difference_rad
                0x0000000008015be0       0x54 build/obj/utils.o
                0x0000000008015be0                utils_angle_difference_rad
 *fill*         0x0000000008015c34        0xc 
 .text.utils_middle_of_3
                0x0000000008015c40       0x6c build/obj/utils.o
                0x0000000008015c40                utils_middle_of_3
 *fill*         0x0000000008015cac        0x4 
 .text.utils_middle_of_3_int
                0x0000000008015cb0       0x34 build/obj/utils.o
                0x0000000008015cb0                utils_middle_of_3_int
 *fill*         0x0000000008015ce4        0xc 
 .text.utils_fast_atan2
                0x0000000008015cf0       0x7c build/obj/utils.o
                0x0000000008015cf0                utils_fast_atan2
 *fill*         0x0000000008015d6c        0x4 
 .text.utils_saturate_vector_2d
                0x0000000008015d70       0x90 build/obj/utils.o
                0x0000000008015d70                utils_saturate_vector_2d
 .text.utils_fast_sincos_better
                0x0000000008015e00      0x114 build/obj/utils.o
                0x0000000008015e00                utils_fast_sincos_better
 *fill*         0x0000000008015f14        0xc 
 .text.utils_min_abs
                0x0000000008015f20       0x18 build/obj/utils.o
                0x0000000008015f20                utils_min_abs
 *fill*         0x0000000008015f38        0x8 
 .text.utils_max_abs
                0x0000000008015f40       0x18 build/obj/utils.o
                0x0000000008015f40                utils_max_abs
 *fill*         0x0000000008015f58        0x8 
 .text.utils_throttle_curve
                0x0000000008015f60      0x150 build/obj/utils.o
                0x0000000008015f60                utils_throttle_curve
 .text.utils_sys_lock_cnt
                0x00000000080160b0       0x18 build/obj/utils.o
                0x00000000080160b0                utils_sys_lock_cnt
 *fill*         0x00000000080160c8        0x8 
 .text.utils_sys_unlock_cnt
                0x00000000080160d0       0x1c build/obj/utils.o
                0x00000000080160d0                utils_sys_unlock_cnt
 *fill*         0x00000000080160ec        0x4 
 .text.packet_init
                0x00000000080160f0       0x14 build/obj/packet.o
                0x00000000080160f0                packet_init
 *fill*         0x0000000008016104        0xc 
 .text.packet_send_packet
                0x0000000008016110       0x8c build/obj/packet.o
                0x0000000008016110                packet_send_packet
 *fill*         0x000000000801619c        0x4 
 .text.packet_timerfunc
                0x00000000080161a0       0x40 build/obj/packet.o
                0x00000000080161a0                packet_timerfunc
 .text.packet_process_byte
                0x00000000080161e0      0x140 build/obj/packet.o
                0x00000000080161e0                packet_process_byte
 .text.terminal_process_string
                0x0000000008016320     0x1080 build/obj/terminal.o
                0x0000000008016320                terminal_process_string
 .text.terminal_add_fault_data
                0x00000000080173a0       0x44 build/obj/terminal.o
                0x00000000080173a0                terminal_add_fault_data
 *fill*         0x00000000080173e4        0xc 
 .text.terminal_register_command_callback
                0x00000000080173f0       0x84 build/obj/terminal.o
                0x00000000080173f0                terminal_register_command_callback
 *fill*         0x0000000008017474        0xc 
 .text.conf_general_init
                0x0000000008017480       0x58 build/obj/conf_general.o
                0x0000000008017480                conf_general_init
 *fill*         0x00000000080174d8        0x8 
 .text.conf_general_get_default_app_configuration
                0x00000000080174e0      0x134 build/obj/conf_general.o
                0x00000000080174e0                conf_general_get_default_app_configuration
 *fill*         0x0000000008017614        0xc 
 .text.conf_general_get_default_mc_configuration
                0x0000000008017620      0x2e0 build/obj/conf_general.o
                0x0000000008017620                conf_general_get_default_mc_configuration
 .text.conf_general_read_app_configuration
                0x0000000008017900       0x44 build/obj/conf_general.o
                0x0000000008017900                conf_general_read_app_configuration
 *fill*         0x0000000008017944        0xc 
 .text.conf_general_store_app_configuration
                0x0000000008017950       0x74 build/obj/conf_general.o
                0x0000000008017950                conf_general_store_app_configuration
 *fill*         0x00000000080179c4        0xc 
 .text.conf_general_read_mc_configuration
                0x00000000080179d0       0x44 build/obj/conf_general.o
                0x00000000080179d0                conf_general_read_mc_configuration
 *fill*         0x0000000008017a14        0xc 
 .text.conf_general_store_mc_configuration
                0x0000000008017a20       0x74 build/obj/conf_general.o
                0x0000000008017a20                conf_general_store_mc_configuration
 *fill*         0x0000000008017a94        0xc 
 .text.conf_general_detect_motor_param
                0x0000000008017aa0      0x348 build/obj/conf_general.o
                0x0000000008017aa0                conf_general_detect_motor_param
 *fill*         0x0000000008017de8        0x8 
 .text.conf_general_measure_flux_linkage
                0x0000000008017df0      0x2d8 build/obj/conf_general.o
                0x0000000008017df0                conf_general_measure_flux_linkage
 *fill*         0x00000000080180c8        0x8 
 .text.EE_VerifyPageFullWriteVariable
                0x00000000080180d0       0x7c build/obj/eeprom.o
 *fill*         0x000000000801814c        0x4 
 .text.EE_EraseSectorIfNotEmpty.constprop.1
                0x0000000008018150       0x30 build/obj/eeprom.o
 .text.EE_Format
                0x0000000008018180       0x2c build/obj/eeprom.o
 *fill*         0x00000000080181ac        0x4 
 .text.EE_ReadVariable
                0x00000000080181b0       0x6c build/obj/eeprom.o
                0x00000000080181b0                EE_ReadVariable
 *fill*         0x000000000801821c        0x4 
 .text.EE_Init  0x0000000008018220      0x140 build/obj/eeprom.o
                0x0000000008018220                EE_Init
 .text.EE_WriteVariable
                0x0000000008018360       0xc0 build/obj/eeprom.o
                0x0000000008018360                EE_WriteVariable
 .text.detect_thread
                0x0000000008018420      0x118 build/obj/commands.o
 *fill*         0x0000000008018538        0x8 
 .text.commands_init
                0x0000000008018540       0x24 build/obj/commands.o
                0x0000000008018540                commands_init
 *fill*         0x0000000008018564        0xc 
 .text.commands_set_send_func
                0x0000000008018570        0xc build/obj/commands.o
                0x0000000008018570                commands_set_send_func
 *fill*         0x000000000801857c        0x4 
 .text.commands_send_packet
                0x0000000008018580       0x10 build/obj/commands.o
                0x0000000008018580                commands_send_packet
 .text.commands_printf
                0x0000000008018590       0x48 build/obj/commands.o
                0x0000000008018590                commands_printf
 *fill*         0x00000000080185d8        0x8 
 .text.commands_send_rotor_pos
                0x00000000080185e0       0x40 build/obj/commands.o
                0x00000000080185e0                commands_send_rotor_pos
 .text.commands_get_disp_pos_mode
                0x0000000008018620        0xc build/obj/commands.o
                0x0000000008018620                commands_get_disp_pos_mode
 *fill*         0x000000000801862c        0x4 
 .text.commands_send_appconf
                0x0000000008018630      0x2c8 build/obj/commands.o
                0x0000000008018630                commands_send_appconf
 *fill*         0x00000000080188f8        0x8 
 .text.commands_process_packet
                0x0000000008018900     0x1718 build/obj/commands.o
                0x0000000008018900                commands_process_packet
 *fill*         0x000000000801a018        0x8 
 .text.timeout_thread
                0x000000000801a020       0x7c build/obj/timeout.o
 *fill*         0x000000000801a09c        0x4 
 .text.timeout_init
                0x000000000801a0a0       0x48 build/obj/timeout.o
                0x000000000801a0a0                timeout_init
 *fill*         0x000000000801a0e8        0x8 
 .text.timeout_configure
                0x000000000801a0f0       0x14 build/obj/timeout.o
                0x000000000801a0f0                timeout_configure
 *fill*         0x000000000801a104        0xc 
 .text.timeout_reset
                0x000000000801a110       0x20 build/obj/timeout.o
                0x000000000801a110                timeout_reset
 .text.timeout_has_timeout
                0x000000000801a130        0xc build/obj/timeout.o
                0x000000000801a130                timeout_has_timeout
 *fill*         0x000000000801a13c        0x4 
 .text.timeout_get_timeout_msec
                0x000000000801a140        0xc build/obj/timeout.o
                0x000000000801a140                timeout_get_timeout_msec
 *fill*         0x000000000801a14c        0x4 
 .text.timeout_get_brake_current
                0x000000000801a150        0xc build/obj/timeout.o
                0x000000000801a150                timeout_get_brake_current
 *fill*         0x000000000801a15c        0x4 
 .text.cancom_process_thread
                0x000000000801a160      0x3bc build/obj/comm_can.o
 *fill*         0x000000000801a51c        0x4 
 .text.cancom_read_thread
                0x000000000801a520       0xcc build/obj/comm_can.o
 *fill*         0x000000000801a5ec        0x4 
 .text.comm_can_init
                0x000000000801a5f0       0xb4 build/obj/comm_can.o
                0x000000000801a5f0                comm_can_init
 *fill*         0x000000000801a6a4        0xc 
 .text.comm_can_set_baud
                0x000000000801a6b0       0x54 build/obj/comm_can.o
                0x000000000801a6b0                comm_can_set_baud
 *fill*         0x000000000801a704        0xc 
 .text.comm_can_transmit_eid
                0x000000000801a710       0x54 build/obj/comm_can.o
                0x000000000801a710                comm_can_transmit_eid
 *fill*         0x000000000801a764        0xc 
 .text.cancom_status_thread
                0x000000000801a770       0xac build/obj/comm_can.o
 *fill*         0x000000000801a81c        0x4 
 .text.comm_can_send_buffer
                0x000000000801a820      0x154 build/obj/comm_can.o
                0x000000000801a820                comm_can_send_buffer
 *fill*         0x000000000801a974        0xc 
 .text.send_packet_wrapper
                0x000000000801a980       0x18 build/obj/comm_can.o
 *fill*         0x000000000801a998        0x8 
 .text.comm_can_set_duty
                0x000000000801a9a0       0x38 build/obj/comm_can.o
                0x000000000801a9a0                comm_can_set_duty
 *fill*         0x000000000801a9d8        0x8 
 .text.comm_can_set_current
                0x000000000801a9e0       0x3c build/obj/comm_can.o
                0x000000000801a9e0                comm_can_set_current
 *fill*         0x000000000801aa1c        0x4 
 .text.comm_can_set_current_brake
                0x000000000801aa20       0x3c build/obj/comm_can.o
                0x000000000801aa20                comm_can_set_current_brake
 *fill*         0x000000000801aa5c        0x4 
 .text.comm_can_set_current_rel
                0x000000000801aa60       0x30 build/obj/comm_can.o
                0x000000000801aa60                comm_can_set_current_rel
 .text.comm_can_set_current_brake_rel
                0x000000000801aa90       0x30 build/obj/comm_can.o
                0x000000000801aa90                comm_can_set_current_brake_rel
 .text.comm_can_get_status_msg_index
                0x000000000801aac0       0x18 build/obj/comm_can.o
                0x000000000801aac0                comm_can_get_status_msg_index
 *fill*         0x000000000801aad8        0x8 
 .text.led_external_set_state
                0x000000000801aae0        0xc build/obj/led_external.o
                0x000000000801aae0                led_external_set_state
 *fill*         0x000000000801aaec        0x4 
 .text.led_external_set_reversed
                0x000000000801aaf0        0xc build/obj/led_external.o
                0x000000000801aaf0                led_external_set_reversed
 *fill*         0x000000000801aafc        0x4 
 .text.encoder_deinit
                0x000000000801ab00       0x74 build/obj/encoder.o
                0x000000000801ab00                encoder_deinit
 *fill*         0x000000000801ab74        0xc 
 .text.encoder_init_abi
                0x000000000801ab80       0xb4 build/obj/encoder.o
                0x000000000801ab80                encoder_init_abi
 *fill*         0x000000000801ac34        0xc 
 .text.encoder_init_as5047p_spi
                0x000000000801ac40       0x88 build/obj/encoder.o
                0x000000000801ac40                encoder_init_as5047p_spi
 *fill*         0x000000000801acc8        0x8 
 .text.encoder_is_configured
                0x000000000801acd0       0x10 build/obj/encoder.o
                0x000000000801acd0                encoder_is_configured
 .text.encoder_read_deg
                0x000000000801ace0       0x64 build/obj/encoder.o
                0x000000000801ace0                encoder_read_deg
 *fill*         0x000000000801ad44        0xc 
 .text.encoder_reset
                0x000000000801ad50       0x74 build/obj/encoder.o
                0x000000000801ad50                encoder_reset
 *fill*         0x000000000801adc4        0xc 
 .text.encoder_tim_isr
                0x000000000801add0       0xa0 build/obj/encoder.o
                0x000000000801add0                encoder_tim_isr
 .text.encoder_set_counts
                0x000000000801ae70       0x2c build/obj/encoder.o
                0x000000000801ae70                encoder_set_counts
 *fill*         0x000000000801ae9c        0x4 
 .text.encoder_index_found
                0x000000000801aea0        0xc build/obj/encoder.o
                0x000000000801aea0                encoder_index_found
 *fill*         0x000000000801aeac        0x4 
 .text.flash_helper_erase_new_app
                0x000000000801aeb0       0x88 build/obj/flash_helper.o
                0x000000000801aeb0                flash_helper_erase_new_app
 *fill*         0x000000000801af38        0x8 
 .text.flash_helper_write_new_app_data
                0x000000000801af40       0x60 build/obj/flash_helper.o
                0x000000000801af40                flash_helper_write_new_app_data
 .text.flash_helper_jump_to_bootloader
                0x000000000801afa0       0x90 build/obj/flash_helper.o
                0x000000000801afa0                flash_helper_jump_to_bootloader
 .text.flash_helper_get_sector_address
                0x000000000801b030       0x2c build/obj/flash_helper.o
                0x000000000801b030                flash_helper_get_sector_address
 *fill*         0x000000000801b05c        0x4 
 .text.sample_send_thread
                0x000000000801b060      0x240 build/obj/mc_interface.o
 .text.mc_interface_set_handbrake.part.3
                0x000000000801b2a0       0x1c build/obj/mc_interface.o
 *fill*         0x000000000801b2bc        0x4 
 .text.mc_interface_init
                0x000000000801b2c0      0x178 build/obj/mc_interface.o
                0x000000000801b2c0                mc_interface_init
 *fill*         0x000000000801b438        0x8 
 .text.mc_interface_get_configuration
                0x000000000801b440        0x8 build/obj/mc_interface.o
                0x000000000801b440                mc_interface_get_configuration
 *fill*         0x000000000801b448        0x8 
 .text.mc_interface_dccal_done
                0x000000000801b450       0x20 build/obj/mc_interface.o
                0x000000000801b450                mc_interface_dccal_done
 .text.mc_interface_lock
                0x000000000801b470        0xc build/obj/mc_interface.o
                0x000000000801b470                mc_interface_lock
 *fill*         0x000000000801b47c        0x4 
 .text.mc_interface_unlock
                0x000000000801b480        0xc build/obj/mc_interface.o
                0x000000000801b480                mc_interface_unlock
 *fill*         0x000000000801b48c        0x4 
 .text.mc_interface_lock_override_once
                0x000000000801b490        0xc build/obj/mc_interface.o
                0x000000000801b490                mc_interface_lock_override_once
 *fill*         0x000000000801b49c        0x4 
 .text.mc_interface_get_fault
                0x000000000801b4a0        0xc build/obj/mc_interface.o
                0x000000000801b4a0                mc_interface_get_fault
 *fill*         0x000000000801b4ac        0x4 
 .text.mc_interface_fault_to_string
                0x000000000801b4b0       0x18 build/obj/mc_interface.o
                0x000000000801b4b0                mc_interface_fault_to_string
 *fill*         0x000000000801b4c8        0x8 
 .text.mc_interface_get_state
                0x000000000801b4d0       0x20 build/obj/mc_interface.o
                0x000000000801b4d0                mc_interface_get_state
 .text.mc_interface_get_duty_cycle_now
                0x000000000801b4f0       0x38 build/obj/mc_interface.o
                0x000000000801b4f0                mc_interface_get_duty_cycle_now
 *fill*         0x000000000801b528        0x8 
 .text.mc_interface_get_sampling_frequency_now
                0x000000000801b530       0x24 build/obj/mc_interface.o
                0x000000000801b530                mc_interface_get_sampling_frequency_now
 *fill*         0x000000000801b554        0xc 
 .text.mc_interface_get_rpm
                0x000000000801b560       0x38 build/obj/mc_interface.o
                0x000000000801b560                mc_interface_get_rpm
 *fill*         0x000000000801b598        0x8 
 .text.mc_interface_get_amp_hours
                0x000000000801b5a0       0x20 build/obj/mc_interface.o