
Discarded input sections

 .text          0x0000000000000000        0x0 build/obj/crt0.o
 .data          0x0000000000000000        0x0 build/obj/crt0.o
 .bss           0x0000000000000000        0x0 build/obj/crt0.o
 .text.__early_init
                0x0000000000000000        0x4 build/obj/crt0.o
 .text          0x0000000000000000        0x0 build/obj/vectors.o
 .data          0x0000000000000000        0x0 build/obj/vectors.o
 .bss           0x0000000000000000        0x0 build/obj/vectors.o
 .text          0x0000000000000000        0x0 build/obj/chcore.o
 .data          0x0000000000000000        0x0 build/obj/chcore.o
 .bss           0x0000000000000000        0x0 build/obj/chcore.o
 .text          0x0000000000000000        0x0 build/obj/chcore_v7m.o
 .data          0x0000000000000000        0x0 build/obj/chcore_v7m.o
 .bss           0x0000000000000000        0x0 build/obj/chcore_v7m.o
 .text._port_init
                0x0000000000000000       0x30 build/obj/chcore_v7m.o
 .text._port_irq_epilogue
                0x0000000000000000       0x18 build/obj/chcore_v7m.o
 .text._port_thread_start
                0x0000000000000000       0x14 build/obj/chcore_v7m.o
 .text          0x0000000000000000        0x0 build/obj/nvic.o
 .data          0x0000000000000000        0x0 build/obj/nvic.o
 .bss           0x0000000000000000        0x0 build/obj/nvic.o
 .text.nvicEnableVector
                0x0000000000000000       0x48 build/obj/nvic.o
 .text.nvicDisableVector
                0x0000000000000000       0x40 build/obj/nvic.o
 .text.nvicSetSystemHandlerPriority
                0x0000000000000000       0x2c build/obj/nvic.o
 .debug_info    0x0000000000000000      0xb24 build/obj/nvic.o
 .debug_abbrev  0x0000000000000000      0x1a9 build/obj/nvic.o
 .debug_loc     0x0000000000000000      0x148 build/obj/nvic.o
 .debug_aranges
                0x0000000000000000       0x30 build/obj/nvic.o
 .debug_ranges  0x0000000000000000       0x20 build/obj/nvic.o
 .debug_line    0x0000000000000000      0x1c4 build/obj/nvic.o
 .debug_str     0x0000000000000000      0x6f9 build/obj/nvic.o
 .comment       0x0000000000000000       0x80 build/obj/nvic.o
 .debug_frame   0x0000000000000000       0x74 build/obj/nvic.o
 .ARM.attributes
                0x0000000000000000       0x39 build/obj/nvic.o
 .text          0x0000000000000000        0x0 build/obj/chsys.o
 .data          0x0000000000000000        0x0 build/obj/chsys.o
 .bss           0x0000000000000000        0x0 build/obj/chsys.o
 .text._idle_thread
                0x0000000000000000       0x14 build/obj/chsys.o
 .text.chSysInit
                0x0000000000000000       0x6c build/obj/chsys.o
 .bss._idle_thread_wa
                0x0000000000000000      0x1d8 build/obj/chsys.o
 .bss.mainthread.6194
                0x0000000000000000       0x4c build/obj/chsys.o
 .rodata._idle_thread.str1.4
                0x0000000000000000        0x5 build/obj/chsys.o
 .text          0x0000000000000000        0x0 build/obj/chdebug.o
 .data          0x0000000000000000        0x0 build/obj/chdebug.o
 .bss           0x0000000000000000        0x0 build/obj/chdebug.o
 .text.dbg_check_disable
                0x0000000000000000       0x28 build/obj/chdebug.o
 .text.dbg_check_suspend
                0x0000000000000000       0x28 build/obj/chdebug.o
 .text.dbg_check_enable
                0x0000000000000000       0x28 build/obj/chdebug.o
 .text.chDbgCheckClassS
                0x0000000000000000       0x2c build/obj/chdebug.o
 .text._trace_init
                0x0000000000000000       0x14 build/obj/chdebug.o
 .rodata.chDbgCheckClassS.str1.4
                0x0000000000000000        0x6 build/obj/chdebug.o
 .rodata.dbg_check_disable.str1.4
                0x0000000000000000        0x5 build/obj/chdebug.o
 .rodata.dbg_check_enable.str1.4
                0x0000000000000000        0x5 build/obj/chdebug.o
 .rodata.dbg_check_suspend.str1.4
                0x0000000000000000        0x5 build/obj/chdebug.o
 .text          0x0000000000000000        0x0 build/obj/chlists.o
 .data          0x0000000000000000        0x0 build/obj/chlists.o
 .bss           0x0000000000000000        0x0 build/obj/chlists.o
 .debug_info    0x0000000000000000      0x7d5 build/obj/chlists.o
 .debug_abbrev  0x0000000000000000      0x11f build/obj/chlists.o
 .debug_aranges
                0x0000000000000000       0x18 build/obj/chlists.o
 .debug_line    0x0000000000000000      0x141 build/obj/chlists.o
 .debug_str     0x0000000000000000      0x5f4 build/obj/chlists.o
 .comment       0x0000000000000000       0x80 build/obj/chlists.o
 .ARM.attributes
                0x0000000000000000       0x39 build/obj/chlists.o
 .text          0x0000000000000000        0x0 build/obj/chvt.o
 .data          0x0000000000000000        0x0 build/obj/chvt.o
 .bss           0x0000000000000000        0x0 build/obj/chvt.o
 .text._vt_init
                0x0000000000000000       0x18 build/obj/chvt.o
 .text.chVTSetI
[...]
Memory Configuration

Name             Origin             Length             Attributes
flash            0x00000000080e0000 0x0000000000020000
ram              0x0000000020000000 0x0000000000020000
ccmram           0x0000000010000000 0x0000000000010000
*default*        0x0000000000000000 0xffffffffffffffff

Linker script and memory map

LOAD build/obj/crt0.o
LOAD build/obj/vectors.o
LOAD build/obj/chcore.o
LOAD build/obj/chcore_v7m.o
LOAD build/obj/nvic.o
LOAD build/obj/chsys.o
LOAD build/obj/chdebug.o
LOAD build/obj/chlists.o
LOAD build/obj/chvt.o
LOAD build/obj/chschd.o
LOAD build/obj/chthreads.o
LOAD build/obj/chdynamic.o
LOAD build/obj/chregistry.o
LOAD build/obj/chsem.o
LOAD build/obj/chmtx.o
LOAD build/obj/chcond.o
LOAD build/obj/chevents.o
LOAD build/obj/chmsg.o
LOAD build/obj/chmboxes.o
LOAD build/obj/chqueues.o
LOAD build/obj/chmemcore.o
LOAD build/obj/chheap.o
LOAD build/obj/chmempools.o
LOAD build/obj/hal.o
LOAD build/obj/adc.o
LOAD build/obj/can.o
LOAD build/obj/ext.o
LOAD build/obj/gpt.o
LOAD build/obj/i2c.o
LOAD build/obj/icu.o
LOAD build/obj/mac.o
LOAD build/obj/mmc_spi.o
LOAD build/obj/mmcsd.o
LOAD build/obj/pal.o
LOAD build/obj/pwm.o
LOAD build/obj/rtc.o
LOAD build/obj/sdc.o
LOAD build/obj/serial.o
LOAD build/obj/serial_usb.o
LOAD build/obj/spi.o
LOAD build/obj/tm.o
LOAD build/obj/uart.o
LOAD build/obj/usb.o
LOAD build/obj/stm32_dma.o
LOAD build/obj/hal_lld.o
LOAD build/obj/adc_lld.o
LOAD build/obj/ext_lld_isr.o
LOAD build/obj/can_lld.o
LOAD build/obj/ext_lld.o
LOAD build/obj/mac_lld.o
LOAD build/obj/sdc_lld.o
LOAD build/obj/pal_lld.o
LOAD build/obj/i2c_lld.o
LOAD build/obj/usb_lld.o
LOAD build/obj/rtc_lld.o
LOAD build/obj/spi_lld.o
LOAD build/obj/gpt_lld.o
LOAD build/obj/icu_lld.o
LOAD build/obj/pwm_lld.o
LOAD build/obj/serial_lld.o
LOAD build/obj/uart_lld.o
LOAD build/obj/board.o
LOAD build/obj/main.o
LOAD build/obj/crc.o
LOAD build/obj/buffer.o
LOAD build/obj/misc.o
LOAD build/obj/stm32f4xx_dma.o
LOAD build/obj/stm32f4xx_rcc.o
LOAD build/obj/stm32f4xx_adc.o
LOAD build/obj/stm32f4xx_exti.o
LOAD build/obj/stm32f4xx_rng.o
LOAD build/obj/stm32f4xx_flash.o
LOAD build/obj/stm32f4xx_rtc.o
LOAD build/obj/stm32f4xx_crc.o
LOAD build/obj/stm32f4xx_fsmc.o
LOAD build/obj/stm32f4xx_sdio.o
LOAD build/obj/stm32f4xx_cryp_aes.o
LOAD build/obj/stm32f4xx_spi.o
LOAD build/obj/stm32f4xx_cryp.o
LOAD build/obj/stm32f4xx_hash.o
LOAD build/obj/stm32f4xx_syscfg.o
LOAD build/obj/stm32f4xx_cryp_des.o
LOAD build/obj/stm32f4xx_hash_md5.o
LOAD build/obj/stm32f4xx_tim.o
LOAD build/obj/stm32f4xx_cryp_tdes.o
LOAD build/obj/stm32f4xx_hash_sha1.o
LOAD build/obj/stm32f4xx_usart.o
LOAD build/obj/stm32f4xx_dac.o
LOAD build/obj/stm32f4xx_i2c.o
LOAD build/obj/stm32f4xx_wwdg.o
LOAD build/obj/stm32f4xx_dbgmcu.o
LOAD build/obj/stm32f4xx_iwdg.o
LOAD build/obj/stm32f4xx_dcmi.o
LOAD build/obj/stm32f4xx_pwr.o
                0x0000000000000800                __main_stack_size__ = 0x800
                0x0000000000000800                __process_stack_size__ = 0x800
                0x0000000020000000                __ram_start__ = ORIGIN (ram)
                0x0000000000020000                __ram_size__ = LENGTH (ram)
                0x0000000020020000                __ram_end__ = (__ram_start__ + __ram_size__)
                0x0000000000000000                . = 0x0
                0x0000000000000000                _text = .

startup         0x00000000080e0000      0x1ac
 *(vectors)
 vectors        0x00000000080e0000      0x1ac build/obj/vectors.o
                0x00000000080e0000                _vectors

constructors    0x00000000080e01ac        0x0
                0x00000000080e01ac                PROVIDE (__init_array_start = .)
 *(SORT_BY_NAME(.init_array.*))
 *(.init_array)
                0x00000000080e01ac                PROVIDE (__init_array_end = .)

destructors     0x00000000080e01ac        0x0
                0x00000000080e01ac                PROVIDE (__fini_array_start = .)
 *(.fini_array)
 *(SORT_BY_NAME(.fini_array.*))
                0x00000000080e01ac                PROVIDE (__fini_array_end = .)

.text           0x00000000080e01b0      0xd30
 *(.text.startup.*)
 .text.startup.main
                0x00000000080e01b0       0xe4 build/obj/main.o
                0x00000000080e01b0                main
 *(.text)
 *(.text.*)
 *fill*         0x00000000080e0294        0xc 
 .text.__late_init
                0x00000000080e02a0        0x4 build/obj/crt0.o
                0x00000000080e02a0                __late_init
 *fill*         0x00000000080e02a4        0xc 
 .text._default_exit
                0x00000000080e02b0        0x4 build/obj/crt0.o
                0x00000000080e02b0                _default_exit
 *fill*         0x00000000080e02b4        0xc 
 .text.ResetHandler
                0x00000000080e02c0      0x138 build/obj/crt0.o
                0x00000000080e02c0                ResetHandler
 *fill*         0x00000000080e03f8        0x8 
 .text._unhandled_exception
                0x00000000080e0400        0x4 build/obj/vectors.o
                0x00000000080e0400                Vector58
                0x00000000080e0400                Vector9C
                0x00000000080e0400                VectorE8
                0x00000000080e0400                VectorAC
                0x00000000080e0400                Vector1A0
                0x00000000080e0400                Vector5C
                0x00000000080e0400                NMIVector
                0x00000000080e0400                Vector11C
                0x00000000080e0400                Vector19C
                0x00000000080e0400                Vector8C
                0x00000000080e0400                VectorDC
                0x00000000080e0400                Vector168
                0x00000000080e0400                Vector110
                0x00000000080e0400                Vector120
                0x00000000080e0400                VectorC8
                0x00000000080e0400                Vector94
                0x00000000080e0400                VectorA8
                0x00000000080e0400                VectorB4
                0x00000000080e0400                Vector74
                0x00000000080e0400                Vector160
                0x00000000080e0400                VectorEC
                0x00000000080e0400                UsageFaultVector
                0x00000000080e0400                DebugMonitorVector
                0x00000000080e0400                Vector40
                0x00000000080e0400                VectorF8
                0x00000000080e0400                Vector108
                0x00000000080e0400                VectorBC
                0x00000000080e0400                Vector190
                0x00000000080e0400                Vector150
                0x00000000080e0400                Vector124
                0x00000000080e0400                Vector148
                0x00000000080e0400                Vector188
                0x00000000080e0400                Vector198
                0x00000000080e0400                Vector118
                0x00000000080e0400                Vector64
                0x00000000080e0400                VectorCC
                0x00000000080e0400                Vector54
                0x00000000080e0400                Vector98
                0x00000000080e0400                VectorD8
                0x00000000080e0400                Vector138
                0x00000000080e0400                Vector24
                0x00000000080e0400                Vector178
                0x00000000080e0400                Vector84
                0x00000000080e0400                Vector1A4
                0x00000000080e0400                BusFaultVector
                0x00000000080e0400                VectorD0
                0x00000000080e0400                Vector140
                0x00000000080e0400                VectorE4
                0x00000000080e0400                VectorC0
                0x00000000080e0400                Vector158
                0x00000000080e0400                Vector130
                0x00000000080e0400                SVCallVector
                0x00000000080e0400                HardFaultVector
                0x00000000080e0400                Vector134
                0x00000000080e0400                VectorF0
                0x00000000080e0400                Vector12C
                0x00000000080e0400                Vector13C
                0x00000000080e0400                Vector100
                0x00000000080e0400                VectorE0
                0x00000000080e0400                VectorF4
                0x00000000080e0400                MemManageVector
                0x00000000080e0400                Vector6C
                0x00000000080e0400                VectorA0
                0x00000000080e0400                Vector7C
                0x00000000080e0400                VectorC4
                0x00000000080e0400                Vector180
                0x00000000080e0400                VectorB0
                0x00000000080e0400                Vector90
                0x00000000080e0400                Vector114
                0x00000000080e0400                Vector60
                0x00000000080e0400                Vector164
                0x00000000080e0400                Vector1C
                0x00000000080e0400                Vector17C
                0x00000000080e0400                Vector48
                0x00000000080e0400                Vector1A8
                0x00000000080e0400                Vector16C
                0x00000000080e0400                Vector70
                0x00000000080e0400                VectorD4
                0x00000000080e0400                Vector4C
                0x00000000080e0400                Vector144
                0x00000000080e0400                Vector80
                0x00000000080e0400                Vector15C
                0x00000000080e0400                Vector68
                0x00000000080e0400                Vector78
                0x00000000080e0400                _unhandled_exception
                0x00000000080e0400                Vector170
                0x00000000080e0400                Vector88
                0x00000000080e0400                Vector104
                0x00000000080e0400                Vector184
                0x00000000080e0400                Vector10C
                0x00000000080e0400                Vector14C
                0x00000000080e0400                Vector50
                0x00000000080e0400                Vector194
                0x00000000080e0400                Vector154
                0x00000000080e0400                Vector44
                0x00000000080e0400                Vector28
                0x00000000080e0400                VectorB8
                0x00000000080e0400                VectorFC
                0x00000000080e0400                Vector34
                0x00000000080e0400                Vector128
                0x00000000080e0400                VectorA4
                0x00000000080e0400                Vector20
                0x00000000080e0400                Vector18C
                0x00000000080e0400                Vector174
 *fill*         0x00000000080e0404        0xc 
 .text.port_halt
                0x00000000080e0410        0x4 build/obj/chcore.o
                0x00000000080e0410                port_halt
 *fill*         0x00000000080e0414        0xc 
 .text._port_switch_from_isr
                0x00000000080e0420       0x1c build/obj/chcore_v7m.o
                0x00000000080e0420                _port_switch_from_isr
 *fill*         0x00000000080e043c        0x4 
 .text._port_irq_epilogue.part.0
                0x00000000080e0440       0x6c build/obj/chcore_v7m.o
 *fill*         0x00000000080e04ac        0x4 
 .text.SysTickVector
                0x00000000080e04b0       0x34 build/obj/chcore_v7m.o
                0x00000000080e04b0                SysTickVector
 *fill*         0x00000000080e04e4        0xc 
 .text.PendSVVector
                0x00000000080e04f0       0x1c build/obj/chcore_v7m.o
                0x00000000080e04f0                PendSVVector
 *fill*         0x00000000080e050c        0x4 
 .text._port_switch
                0x00000000080e0510       0x18 build/obj/chcore_v7m.o
                0x00000000080e0510                _port_switch
 *fill*         0x00000000080e0528        0x8 
 .text.chSysTimerHandlerI
                0x00000000080e0530       0x60 build/obj/chsys.o
                0x00000000080e0530                chSysTimerHandlerI
 .text.dbg_check_lock
                0x00000000080e0590       0x30 build/obj/chdebug.o
                0x00000000080e0590                dbg_check_lock
 .text.dbg_check_unlock
                0x00000000080e05c0       0x38 build/obj/chdebug.o
                0x00000000080e05c0                dbg_check_unlock
 *fill*         0x00000000080e05f8        0x8 
 .text.dbg_check_lock_from_isr
                0x00000000080e0600       0x30 build/obj/chdebug.o
                0x00000000080e0600                dbg_check_lock_from_isr
 .text.dbg_check_unlock_from_isr
                0x00000000080e0630       0x38 build/obj/chdebug.o
                0x00000000080e0630                dbg_check_unlock_from_isr
 *fill*         0x00000000080e0668        0x8 
 .text.dbg_check_enter_isr
                0x00000000080e0670       0x38 build/obj/chdebug.o
                0x00000000080e0670                dbg_check_enter_isr
 *fill*         0x00000000080e06a8        0x8 
 .text.dbg_check_leave_isr
                0x00000000080e06b0       0x38 build/obj/chdebug.o
                0x00000000080e06b0                dbg_check_leave_isr
 *fill*         0x00000000080e06e8        0x8 
 .text.chDbgCheckClassI
                0x00000000080e06f0       0x2c build/obj/chdebug.o
                0x00000000080e06f0                chDbgCheckClassI
 *fill*         0x00000000080e071c        0x4 
 .text.dbg_trace
                0x00000000080e0720       0x40 build/obj/chdebug.o
                0x00000000080e0720                dbg_trace
 .text.chDbgPanic
                0x00000000080e0760        0xc build/obj/chdebug.o
                0x00000000080e0760                chDbgPanic
 *fill*         0x00000000080e076c        0x4 
 .text.chSchReadyI
                0x00000000080e0770       0x44 build/obj/chschd.o
                0x00000000080e0770                chSchReadyI
 *fill*         0x00000000080e07b4        0xc 
 .text.chSchDoRescheduleBehind
                0x00000000080e07c0       0x4c build/obj/chschd.o
                0x00000000080e07c0                chSchDoRescheduleBehind
 *fill*         0x00000000080e080c        0x4 
 .text.chSchDoRescheduleAhead
                0x00000000080e0810       0x60 build/obj/chschd.o
                0x00000000080e0810                chSchDoRescheduleAhead
 .text.chSchDoReschedule
                0x00000000080e0870       0x18 build/obj/chschd.o
                0x00000000080e0870                chSchDoReschedule
 *fill*         0x00000000080e0888        0x8 
 .text.stm32_clock_init
                0x00000000080e0890       0xb8 build/obj/hal_lld.o
                0x00000000080e0890                stm32_clock_init
 *fill*         0x00000000080e0948        0x8 
 .text.__early_init
                0x00000000080e0950        0x4 build/obj/board.o
                0x00000000080e0950                __early_init
 *fill*         0x00000000080e0954        0xc 
 .text.exit_bootloader
                0x00000000080e0960       0x24 build/obj/main.o
 *fill*         0x00000000080e0984        0xc 
 .text.crc16    0x00000000080e0990       0x30 build/obj/crc.o
                0x00000000080e0990                crc16
 .text.buffer_get_uint16
                0x00000000080e09c0       0x14 build/obj/buffer.o
                0x00000000080e09c0                buffer_get_uint16
 *fill*         0x00000000080e09d4        0xc 
 .text.buffer_get_uint32
                0x00000000080e09e0       0x24 build/obj/buffer.o
                0x00000000080e09e0                buffer_get_uint32
 *fill*         0x00000000080e0a04        0xc 
 .text.RCC_APB1PeriphClockCmd
                0x00000000080e0a10       0x18 build/obj/stm32f4xx_rcc.o
                0x00000000080e0a10                RCC_APB1PeriphClockCmd
 *fill*         0x00000000080e0a28        0x8 
 .text.FLASH_Unlock
                0x00000000080e0a30       0x20 build/obj/stm32f4xx_flash.o
                0x00000000080e0a30                FLASH_Unlock
 .text.FLASH_ClearFlag
                0x00000000080e0a50        0xc build/obj/stm32f4xx_flash.o
                0x00000000080e0a50                FLASH_ClearFlag
 *fill*         0x00000000080e0a5c        0x4 
 .text.FLASH_GetStatus
                0x00000000080e0a60       0x34 build/obj/stm32f4xx_flash.o
                0x00000000080e0a60                FLASH_GetStatus
 *fill*         0x00000000080e0a94        0xc 
 .text.FLASH_WaitForLastOperation
                0x00000000080e0aa0       0x24 build/obj/stm32f4xx_flash.o
                0x00000000080e0aa0                FLASH_WaitForLastOperation
 *fill*         0x00000000080e0ac4        0xc 
 .text.FLASH_EraseSector
                0x00000000080e0ad0       0x74 build/obj/stm32f4xx_flash.o
                0x00000000080e0ad0                FLASH_EraseSector
 *fill*         0x00000000080e0b44        0xc 
 .text.FLASH_ProgramByte
                0x00000000080e0b50       0x3c build/obj/stm32f4xx_flash.o
                0x00000000080e0b50                FLASH_ProgramByte
 *fill*         0x00000000080e0b8c        0x4 
 .text.WWDG_SetPrescaler
                0x00000000080e0b90       0x14 build/obj/stm32f4xx_wwdg.o
                0x00000000080e0b90                WWDG_SetPrescaler
 *fill*         0x00000000080e0ba4        0xc 
 .text.WWDG_SetWindowValue
                0x00000000080e0bb0       0x28 build/obj/stm32f4xx_wwdg.o
                0x00000000080e0bb0                WWDG_SetWindowValue
 *fill*         0x00000000080e0bd8        0x8 
 .text.WWDG_Enable
                0x00000000080e0be0       0x10 build/obj/stm32f4xx_wwdg.o
                0x00000000080e0be0                WWDG_Enable
 *(.rodata)
 *(.rodata.*)
 .rodata.chDbgCheckClassI.str1.4
                0x00000000080e0bf0        0x6 build/obj/chdebug.o
 *fill*         0x00000000080e0bf6        0xa 
 .rodata.dbg_check_enter_isr.str1.4
                0x00000000080e0c00        0x5 build/obj/chdebug.o
 *fill*         0x00000000080e0c05        0xb 
 .rodata.dbg_check_leave_isr.str1.4
                0x00000000080e0c10        0x5 build/obj/chdebug.o
 *fill*         0x00000000080e0c15        0xb 
 .rodata.dbg_check_lock.str1.4
                0x00000000080e0c20        0x5 build/obj/chdebug.o
 *fill*         0x00000000080e0c25        0xb 
 .rodata.dbg_check_lock_from_isr.str1.4
                0x00000000080e0c30        0x5 build/obj/chdebug.o
 *fill*         0x00000000080e0c35        0xb 
 .rodata.dbg_check_unlock.str1.4
                0x00000000080e0c40        0x5 build/obj/chdebug.o
 *fill*         0x00000000080e0c45        0xb 
 .rodata.dbg_check_unlock_from_isr.str1.4
                0x00000000080e0c50        0x5 build/obj/chdebug.o
 *fill*         0x00000000080e0c55        0xb 
 .rodata.chSchGoSleepS.str1.4
                0x00000000080e0c60        0xf build/obj/chschd.o
 *fill*         0x00000000080e0c6f        0x1 
 .rodata.chSchReadyI.str1.4
                0x00000000080e0c70       0x14 build/obj/chschd.o
                                         0x12 (size before relaxing)
 *fill*         0x00000000080e0c84        0xc 
 .rodata.flash_addr
                0x00000000080e0c90       0x30 build/obj/main.o
 .rodata.flash_sector
                0x00000000080e0cc0       0x18 build/obj/main.o
 *fill*         0x00000000080e0cd8        0x8 
 .rodata.crc16_tab
                0x00000000080e0ce0      0x200 build/obj/crc.o
                0x00000000080e0ce0                crc16_tab
 *(.glue_7t)
 .glue_7t       0x00000000080e0ee0        0x0 linker stubs
 *(.glue_7)
 .glue_7        0x00000000080e0ee0        0x0 linker stubs
 *(.gcc*)

.vfp11_veneer   0x00000000080e0ee0        0x0
 .vfp11_veneer  0x00000000080e0ee0        0x0 linker stubs

.v4_bx          0x00000000080e0ee0        0x0
 .v4_bx         0x00000000080e0ee0        0x0 linker stubs

.iplt           0x00000000080e0ee0        0x0
 .iplt          0x00000000080e0ee0        0x0 build/obj/crt0.o

.rel.dyn        0x00000000080e0ee0        0x0
 .rel.iplt      0x00000000080e0ee0        0x0 build/obj/crt0.o

.ARM.extab
 *(.ARM.extab* .gnu.linkonce.armextab.*)

.ARM.exidx      0x00000000080e0ee0        0x0
                [!provide]                        PROVIDE (__exidx_start = .)
 *(.ARM.exidx* .gnu.linkonce.armexidx.*)
                [!provide]                        PROVIDE (__exidx_end = .)

.eh_frame_hdr
 *(.eh_frame_hdr)

.eh_frame
 *(.eh_frame)

.textalign      0x00000000080e0ee0        0x0
                0x00000000080e0ee0                . = ALIGN (0x8)
                0x00000000080e0ee0                _etext = .
                0x00000000080e0ee0                _textdata = _etext

.stacks         0x0000000020000000     0x1000
                0x0000000020000000                . = ALIGN (0x8)
                0x0000000020000000                __main_stack_base__ = .
                0x0000000020000800                . = (. + __main_stack_size__)
 *fill*         0x0000000020000000      0x800 
                0x0000000020000800                . = ALIGN (0x8)
                0x0000000020000800                __main_stack_end__ = .
                0x0000000020000800                __process_stack_base__ = .
                0x0000000020000800                __main_thread_stack_base__ = .
                0x0000000020001000                . = (. + __process_stack_size__)
 *fill*         0x0000000020000800      0x800 
                0x0000000020001000                . = ALIGN (0x8)
                0x0000000020001000                __process_stack_end__ = .
                0x0000000020001000                __main_thread_stack_end__ = .

.data           0x0000000020001000        0x0 load address 0x00000000080e0ee0
                0x0000000020001000                . = ALIGN (0x4)
                0x0000000020001000                PROVIDE (_data = .)
 *(.data)
                0x0000000020001000                . = ALIGN (0x4)
 *(.data.*)
                0x0000000020001000                . = ALIGN (0x4)
 *(.ramtext)
                0x0000000020001000                . = ALIGN (0x4)
                0x0000000020001000                PROVIDE (_edata = .)

.igot.plt       0x0000000020001000        0x0 load address 0x00000000080e0ee0
 .igot.plt      0x0000000020001000        0x0 build/obj/crt0.o

.bss            0x0000000020001000      0x444 load address 0x00000000080e0ee0
                0x0000000020001000                . = ALIGN (0x4)
                0x0000000020001000                PROVIDE (_bss_start = .)
 *(.bss)
                0x0000000020001000                . = ALIGN (0x4)
 *(.bss.*)
 .bss.dbg_isr_cnt
                0x0000000020001000        0x4 build/obj/chdebug.o
                0x0000000020001000                dbg_isr_cnt
 .bss.dbg_lock_cnt
                0x0000000020001004        0x4 build/obj/chdebug.o
                0x0000000020001004                dbg_lock_cnt
 .bss.dbg_panic_msg
                0x0000000020001008        0x4 build/obj/chdebug.o
                0x0000000020001008                dbg_panic_msg
 .bss.dbg_trace_buffer
                0x000000002000100c      0x408 build/obj/chdebug.o
                0x000000002000100c                dbg_trace_buffer
 .bss.vtlist    0x0000000020001414       0x10 build/obj/chvt.o
                0x0000000020001414                vtlist
 .bss.rlist     0x0000000020001424       0x1c build/obj/chschd.o
                0x0000000020001424                rlist
 .bss.new_app_addr
                0x0000000020001440        0x4 build/obj/main.o
                0x0000000020001444                . = ALIGN (0x4)
 *(COMMON)
                0x0000000020001444                . = ALIGN (0x4)
                0x0000000020001444                PROVIDE (_bss_end = .)
                [!provide]                        PROVIDE (end = .)
                0x0000000020001444                _end = .
                0x0000000020001444                __heap_base__ = _end
                0x0000000020020000                __heap_end__ = __ram_end__
LOAD /usr/bin/../lib/gcc/arm-none-eabi/7.3.1/../../../../arm-none-eabi/lib/thumb/v7e-m/fpv4-sp/hard/libm.a
START GROUP
LOAD /usr/bin/../lib/gcc/arm-none-eabi/7.3.1/thumb/v7e-m/fpv4-sp/hard/libgcc.a
LOAD /usr/bin/../lib/gcc/arm-none-eabi/7.3.1/../../../../arm-none-eabi/lib/thumb/v7e-m/fpv4-sp/hard/libg.a
LOAD /usr/bin/../lib/gcc/arm-none-eabi/7.3.1/../../../../arm-none-eabi/lib/thumb/v7e-m/fpv4-sp/hard/libc.a
END GROUP
OUTPUT(build/BLDC_4_Bootloader.elf elf32-littlearm)

.debug_info     0x0000000000000000     0x8fc3
 .debug_info    0x0000000000000000      0x2be build/obj/crt0.o
 .debug_info    0x00000000000002be      0x913 build/obj/vectors.o
 .debug_info    0x0000000000000bd1      0x7ee build/obj/chcore.o
 .debug_info    0x00000000000013bf      0xd2d build/obj/chcore_v7m.o
 .debug_info    0x00000000000020ec      0x9dd build/obj/chsys.o
 .debug_info    0x0000000000002ac9      0xb06 build/obj/chdebug.o
 .debug_info    0x00000000000035cf      0x8e4 build/obj/chvt.o
 .debug_info    0x0000000000003eb3      0xd7f build/obj/chschd.o
 .debug_info    0x0000000000004c32      0xd8e build/obj/hal_lld.o
 .debug_info    0x00000000000059c0      0xa1a build/obj/board.o
 .debug_info    0x00000000000063da     0x1087 build/obj/main.o
 .debug_info    0x0000000000007461       0xbd build/obj/crc.o
 .debug_info    0x000000000000751e      0x2f3 build/obj/buffer.o
 .debug_info    0x0000000000007811      0xd12 build/obj/stm32f4xx_rcc.o
 .debug_info    0x0000000000008523      0x80e build/obj/stm32f4xx_flash.o
 .debug_info    0x0000000000008d31      0x292 build/obj/stm32f4xx_wwdg.o

.debug_abbrev   0x0000000000000000     0x1cd8
 .debug_abbrev  0x0000000000000000       0xfd build/obj/crt0.o
 .debug_abbrev  0x00000000000000fd      0x153 build/obj/vectors.o
 .debug_abbrev  0x0000000000000250      0x13b build/obj/chcore.o
 .debug_abbrev  0x000000000000038b      0x228 build/obj/chcore_v7m.o
 .debug_abbrev  0x00000000000005b3      0x1f3 build/obj/chsys.o
 .debug_abbrev  0x00000000000007a6      0x1fb build/obj/chdebug.o
 .debug_abbrev  0x00000000000009a1      0x1cf build/obj/chvt.o
 .debug_abbrev  0x0000000000000b70      0x314 build/obj/chschd.o
 .debug_abbrev  0x0000000000000e84      0x1ad build/obj/hal_lld.o
 .debug_abbrev  0x0000000000001031      0x1bb build/obj/board.o
 .debug_abbrev  0x00000000000011ec      0x350 build/obj/main.o
 .debug_abbrev  0x000000000000153c       0x9b build/obj/crc.o
 .debug_abbrev  0x00000000000015d7       0xd1 build/obj/buffer.o
 .debug_abbrev  0x00000000000016a8      0x299 build/obj/stm32f4xx_rcc.o
 .debug_abbrev  0x0000000000001941      0x222 build/obj/stm32f4xx_flash.o
 .debug_abbrev  0x0000000000001b63      0x175 build/obj/stm32f4xx_wwdg.o

.debug_loc      0x0000000000000000     0x1a67
 .debug_loc     0x0000000000000000      0x101 build/obj/crt0.o
 .debug_loc     0x0000000000000101       0x50 build/obj/chcore_v7m.o
 .debug_loc     0x0000000000000151       0x26 build/obj/chsys.o
 .debug_loc     0x0000000000000177       0xc9 build/obj/chdebug.o
 .debug_loc     0x0000000000000240       0xb4 build/obj/chvt.o
 .debug_loc     0x00000000000002f4      0x2fc build/obj/chschd.o
 .debug_loc     0x00000000000005f0      0x167 build/obj/main.o
 .debug_loc     0x0000000000000757       0xa6 build/obj/crc.o
 .debug_loc     0x00000000000007fd       0xf3 build/obj/buffer.o
 .debug_loc     0x00000000000008f0      0xab6 build/obj/stm32f4xx_rcc.o
 .debug_loc     0x00000000000013a6      0x5f0 build/obj/stm32f4xx_flash.o
 .debug_loc     0x0000000000001996       0xd1 build/obj/stm32f4xx_wwdg.o

.debug_aranges  0x0000000000000000      0x5f0
 .debug_aranges
                0x0000000000000000       0x30 build/obj/crt0.o
 .debug_aranges
                0x0000000000000030       0x20 build/obj/vectors.o
 .debug_aranges
                0x0000000000000050       0x20 build/obj/chcore.o
 .debug_aranges
                0x0000000000000070       0x58 build/obj/chcore_v7m.o
 .debug_aranges
                0x00000000000000c8       0x30 build/obj/chsys.o
 .debug_aranges
                0x00000000000000f8       0x88 build/obj/chdebug.o
 .debug_aranges
                0x0000000000000180       0x30 build/obj/chvt.o
 .debug_aranges
                0x00000000000001b0       0x68 build/obj/chschd.o
 .debug_aranges
                0x0000000000000218       0x28 build/obj/hal_lld.o
 .debug_aranges
                0x0000000000000240       0x28 build/obj/board.o
 .debug_aranges
                0x0000000000000268       0x38 build/obj/main.o
 .debug_aranges
                0x00000000000002a0       0x20 build/obj/crc.o
 .debug_aranges
                0x00000000000002c0       0x58 build/obj/buffer.o
 .debug_aranges
                0x0000000000000318      0x178 build/obj/stm32f4xx_rcc.o
 .debug_aranges
                0x0000000000000490      0x108 build/obj/stm32f4xx_flash.o
 .debug_aranges
                0x0000000000000598       0x58 build/obj/stm32f4xx_wwdg.o

.debug_ranges   0x0000000000000000      0x670
 .debug_ranges  0x0000000000000000       0x20 build/obj/crt0.o
 .debug_ranges  0x0000000000000020       0x10 build/obj/vectors.o
 .debug_ranges  0x0000000000000030       0x10 build/obj/chcore.o
 .debug_ranges  0x0000000000000040       0x60 build/obj/chcore_v7m.o
 .debug_ranges  0x00000000000000a0       0x20 build/obj/chsys.o
 .debug_ranges  0x00000000000000c0       0x78 build/obj/chdebug.o
 .debug_ranges  0x0000000000000138       0x20 build/obj/chvt.o
 .debug_ranges  0x0000000000000158      0x150 build/obj/chschd.o
 .debug_ranges  0x00000000000002a8       0x30 build/obj/hal_lld.o
 .debug_ranges  0x00000000000002d8       0x18 build/obj/board.o
 .debug_ranges  0x00000000000002f0       0x60 build/obj/main.o
 .debug_ranges  0x0000000000000350       0x10 build/obj/crc.o
 .debug_ranges  0x0000000000000360       0x48 build/obj/buffer.o
 .debug_ranges  0x00000000000003a8      0x188 build/obj/stm32f4xx_rcc.o
 .debug_ranges  0x0000000000000530       0xf8 build/obj/stm32f4xx_flash.o
 .debug_ranges  0x0000000000000628       0x48 build/obj/stm32f4xx_wwdg.o

.debug_line     0x0000000000000000     0x26a6
 .debug_line    0x0000000000000000      0x117 build/obj/crt0.o
 .debug_line    0x0000000000000117      0x18a build/obj/vectors.o
 .debug_line    0x00000000000002a1      0x15d build/obj/chcore.o
 .debug_line    0x00000000000003fe      0x24e build/obj/chcore_v7m.o
 .debug_line    0x000000000000064c      0x1d7 build/obj/chsys.o
 .debug_line    0x0000000000000823      0x322 build/obj/chdebug.o
 .debug_line    0x0000000000000b45      0x1db build/obj/chvt.o
 .debug_line    0x0000000000000d20      0x372 build/obj/chschd.o
 .debug_line    0x0000000000001092      0x2dc build/obj/hal_lld.o
 .debug_line    0x000000000000136e      0x265 build/obj/board.o
 .debug_line    0x00000000000015d3      0x376 build/obj/main.o
 .debug_line    0x0000000000001949       0x4d build/obj/crc.o
 .debug_line    0x0000000000001996      0x143 build/obj/buffer.o
 .debug_line    0x0000000000001ad9      0x583 build/obj/stm32f4xx_rcc.o
 .debug_line    0x000000000000205c      0x43e build/obj/stm32f4xx_flash.o
 .debug_line    0x000000000000249a      0x20c build/obj/stm32f4xx_wwdg.o

.debug_str      0x0000000000000000     0x1b7c
 .debug_str     0x0000000000000000      0x2de build/obj/crt0.o
                                        0x329 (size before relaxing)
 .debug_str     0x00000000000002de      0x4f7 build/obj/vectors.o
                                        0x727 (size before relaxing)
 .debug_str     0x00000000000007d5       0x35 build/obj/chcore.o
                                        0x603 (size before relaxing)
 .debug_str     0x000000000000080a      0x20b build/obj/chcore_v7m.o
                                        0x7d9 (size before relaxing)
 .debug_str     0x0000000000000a15       0xdd build/obj/chsys.o
                                        0x703 (size before relaxing)
 .debug_str     0x0000000000000af2       0x70 build/obj/chdebug.o
                                        0x6f0 (size before relaxing)
 .debug_str     0x0000000000000b62       0x3e build/obj/chvt.o
                                        0x636 (size before relaxing)
 .debug_str     0x0000000000000ba0       0xdd build/obj/chschd.o
                                        0x75c (size before relaxing)
 .debug_str     0x0000000000000c7d      0x322 build/obj/hal_lld.o
                                        0x909 (size before relaxing)
 .debug_str     0x0000000000000f9f       0x3c build/obj/board.o
                                        0x735 (size before relaxing)
 .debug_str     0x0000000000000fdb      0x204 build/obj/main.o
                                        0x95e (size before relaxing)
 .debug_str     0x00000000000011df       0x16 build/obj/crc.o
                                        0x18f (size before relaxing)
 .debug_str     0x00000000000011f5       0x84 build/obj/buffer.o
                                        0x2dc (size before relaxing)
 .debug_str     0x0000000000001279      0x58c build/obj/stm32f4xx_rcc.o
                                        0x912 (size before relaxing)
 .debug_str     0x0000000000001805      0x2d6 build/obj/stm32f4xx_flash.o
                                        0x648 (size before relaxing)
 .debug_str     0x0000000000001adb       0xa1 build/obj/stm32f4xx_wwdg.o
                                        0x33d (size before relaxing)

.comment        0x0000000000000000       0x7f
 .comment       0x0000000000000000       0x7f build/obj/crt0.o
                                         0x80 (size before relaxing)
 .comment       0x000000000000007f       0x80 build/obj/vectors.o
 .comment       0x000000000000007f       0x80 build/obj/chcore.o
 .comment       0x000000000000007f       0x80 build/obj/chcore_v7m.o
 .comment       0x000000000000007f       0x80 build/obj/chsys.o
 .comment       0x000000000000007f       0x80 build/obj/chdebug.o
 .comment       0x000000000000007f       0x80 build/obj/chvt.o
 .comment       0x000000000000007f       0x80 build/obj/chschd.o
 .comment       0x000000000000007f       0x80 build/obj/hal_lld.o
 .comment       0x000000000000007f       0x80 build/obj/board.o
 .comment       0x000000000000007f       0x80 build/obj/main.o
 .comment       0x000000000000007f       0x80 build/obj/crc.o
 .comment       0x000000000000007f       0x80 build/obj/buffer.o
 .comment       0x000000000000007f       0x80 build/obj/stm32f4xx_rcc.o
 .comment       0x000000000000007f       0x80 build/obj/stm32f4xx_flash.o
 .comment       0x000000000000007f       0x80 build/obj/stm32f4xx_wwdg.o

.ARM.attributes
                0x0000000000000000       0x39
 .ARM.attributes
                0x0000000000000000       0x39 build/obj/crt0.o
 .ARM.attributes
                0x0000000000000039       0x39 build/obj/vectors.o
 .ARM.attributes
                0x0000000000000072       0x39 build/obj/chcore.o
 .ARM.attributes
                0x00000000000000ab       0x39 build/obj/chcore_v7m.o
 .ARM.attributes
                0x00000000000000e4       0x39 build/obj/chsys.o
 .ARM.attributes
                0x000000000000011d       0x39 build/obj/chdebug.o
 .ARM.attributes
                0x0000000000000156       0x39 build/obj/chvt.o
 .ARM.attributes
                0x000000000000018f       0x39 build/obj/chschd.o
 .ARM.attributes
                0x00000000000001c8       0x39 build/obj/hal_lld.o
 .ARM.attributes
                0x0000000000000201       0x39 build/obj/board.o
 .ARM.attributes
                0x000000000000023a       0x39 build/obj/main.o
 .ARM.attributes
                0x0000000000000273       0x39 build/obj/crc.o
 .ARM.attributes
                0x00000000000002ac       0x39 build/obj/buffer.o
 .ARM.attributes
                0x00000000000002e5       0x39 build/obj/stm32f4xx_rcc.o
 .ARM.attributes
                0x000000000000031e       0x39 build/obj/stm32f4xx_flash.o
 .ARM.attributes
                0x0000000000000357       0x39 build/obj/stm32f4xx_wwdg.o

.debug_frame    0x0000000000000000      0xd48
 .debug_frame   0x0000000000000000       0x50 build/obj/crt0.o
 .debug_frame   0x0000000000000050       0x20 build/obj/vectors.o
 .debug_frame   0x0000000000000070       0x20 build/obj/chcore.o
 .debug_frame   0x0000000000000090       0xbc build/obj/chcore_v7m.o
 .debug_frame   0x000000000000014c       0x6c build/obj/chsys.o
 .debug_frame   0x00000000000001b8      0x144 build/obj/chdebug.o
 .debug_frame   0x00000000000002fc       0x64 build/obj/chvt.o
 .debug_frame   0x0000000000000360      0x180 build/obj/chschd.o
 .debug_frame   0x00000000000004e0       0x48 build/obj/hal_lld.o
 .debug_frame   0x0000000000000528       0x30 build/obj/board.o
 .debug_frame   0x0000000000000558       0x88 build/obj/main.o
 .debug_frame   0x00000000000005e0       0x2c build/obj/crc.o
 .debug_frame   0x000000000000060c      0x10c build/obj/buffer.o
 .debug_frame   0x0000000000000718      0x2f8 build/obj/stm32f4xx_rcc.o
 .debug_frame   0x0000000000000a10      0x290 build/obj/stm32f4xx_flash.o
 .debug_frame   0x0000000000000ca0       0xa8 build/obj/stm32f4xx_wwdg.o

Cross Reference Table

Symbol                                            File
ADC_AnalogWatchdogCmd                             build/obj/stm32f4xx_adc.o
ADC_AnalogWatchdogSingleChannelConfig             build/obj/stm32f4xx_adc.o
ADC_AnalogWatchdogThresholdsConfig                build/obj/stm32f4xx_adc.o
ADC_AutoInjectedConvCmd                           build/obj/stm32f4xx_adc.o
ADC_ClearFlag                                     build/obj/stm32f4xx_adc.o
ADC_ClearITPendingBit                             build/obj/stm32f4xx_adc.o
ADC_Cmd                                           build/obj/stm32f4xx_adc.o
ADC_CommonInit                                    build/obj/stm32f4xx_adc.o
ADC_CommonStructInit                              build/obj/stm32f4xx_adc.o
ADC_ContinuousModeCmd                             build/obj/stm32f4xx_adc.o
ADC_DMACmd                                        build/obj/stm32f4xx_adc.o
ADC_DMARequestAfterLastTransferCmd                build/obj/stm32f4xx_adc.o
ADC_DeInit                                        build/obj/stm32f4xx_adc.o
ADC_DiscModeChannelCountConfig                    build/obj/stm32f4xx_adc.o
ADC_DiscModeCmd                                   build/obj/stm32f4xx_adc.o
ADC_EOCOnEachRegularChannelCmd                    build/obj/stm32f4xx_adc.o
ADC_ExternalTrigInjectedConvConfig                build/obj/stm32f4xx_adc.o
ADC_ExternalTrigInjectedConvEdgeConfig            build/obj/stm32f4xx_adc.o
ADC_GetConversionValue                            build/obj/stm32f4xx_adc.o
ADC_GetFlagStatus                                 build/obj/stm32f4xx_adc.o
ADC_GetITStatus                                   build/obj/stm32f4xx_adc.o
ADC_GetInjectedConversionValue                    build/obj/stm32f4xx_adc.o
ADC_GetMultiModeConversionValue                   build/obj/stm32f4xx_adc.o
ADC_GetSoftwareStartConvStatus                    build/obj/stm32f4xx_adc.o
ADC_GetSoftwareStartInjectedConvCmdStatus         build/obj/stm32f4xx_adc.o
ADC_ITConfig                                      build/obj/stm32f4xx_adc.o
ADC_Init                                          build/obj/stm32f4xx_adc.o
ADC_InjectedChannelConfig                         build/obj/stm32f4xx_adc.o
ADC_InjectedDiscModeCmd                           build/obj/stm32f4xx_adc.o
ADC_InjectedSequencerLengthConfig                 build/obj/stm32f4xx_adc.o
ADC_MultiModeDMARequestAfterLastTransferCmd       build/obj/stm32f4xx_adc.o
ADC_RegularChannelConfig                          build/obj/stm32f4xx_adc.o
ADC_SetInjectedOffset                             build/obj/stm32f4xx_adc.o
ADC_SoftwareStartConv                             build/obj/stm32f4xx_adc.o
ADC_SoftwareStartInjectedConv                     build/obj/stm32f4xx_adc.o
ADC_StructInit                                    build/obj/stm32f4xx_adc.o
ADC_TempSensorVrefintCmd                          build/obj/stm32f4xx_adc.o
ADC_VBATCmd                                       build/obj/stm32f4xx_adc.o
BusFaultVector                                    build/obj/vectors.o
CRC_CalcBlockCRC                                  build/obj/stm32f4xx_crc.o
CRC_CalcCRC                                       build/obj/stm32f4xx_crc.o
CRC_GetCRC                                        build/obj/stm32f4xx_crc.o
CRC_GetIDRegister                                 build/obj/stm32f4xx_crc.o
CRC_ResetDR                                       build/obj/stm32f4xx_crc.o
CRC_SetIDRegister                                 build/obj/stm32f4xx_crc.o
CRYP_AES_CBC                                      build/obj/stm32f4xx_cryp_aes.o
CRYP_AES_CTR                                      build/obj/stm32f4xx_cryp_aes.o
CRYP_AES_ECB                                      build/obj/stm32f4xx_cryp_aes.o
CRYP_Cmd                                          build/obj/stm32f4xx_cryp.o
                                                  build/obj/stm32f4xx_cryp_tdes.o
                                                  build/obj/stm32f4xx_cryp_des.o
                                                  build/obj/stm32f4xx_cryp_aes.o
CRYP_DES_CBC                                      build/obj/stm32f4xx_cryp_des.o
CRYP_DES_ECB                                      build/obj/stm32f4xx_cryp_des.o
CRYP_DMACmd                                       build/obj/stm32f4xx_cryp.o
CRYP_DataIn                                       build/obj/stm32f4xx_cryp.o
                                                  build/obj/stm32f4xx_cryp_tdes.o
                                                  build/obj/stm32f4xx_cryp_des.o
                                                  build/obj/stm32f4xx_cryp_aes.o
CRYP_DataOut                                      build/obj/stm32f4xx_cryp.o
                                                  build/obj/stm32f4xx_cryp_tdes.o
                                                  build/obj/stm32f4xx_cryp_des.o
                                                  build/obj/stm32f4xx_cryp_aes.o
CRYP_DeInit                                       build/obj/stm32f4xx_cryp.o
CRYP_FIFOFlush                                    build/obj/stm32f4xx_cryp.o
                                                  build/obj/stm32f4xx_cryp_tdes.o
                                                  build/obj/stm32f4xx_cryp_des.o
                                                  build/obj/stm32f4xx_cryp_aes.o
CRYP_GetFlagStatus                                build/obj/stm32f4xx_cryp.o
                                                  build/obj/stm32f4xx_cryp_tdes.o
                                                  build/obj/stm32f4xx_cryp_des.o
                                                  build/obj/stm32f4xx_cryp_aes.o
CRYP_GetITStatus                                  build/obj/stm32f4xx_cryp.o
CRYP_ITConfig                                     build/obj/stm32f4xx_cryp.o
CRYP_IVInit                                       build/obj/stm32f4xx_cryp.o
                                                  build/obj/stm32f4xx_cryp_tdes.o
                                                  build/obj/stm32f4xx_cryp_des.o
                                                  build/obj/stm32f4xx_cryp_aes.o
CRYP_IVStructInit                                 build/obj/stm32f4xx_cryp.o
CRYP_Init                                         build/obj/stm32f4xx_cryp.o
                                                  build/obj/stm32f4xx_cryp_tdes.o
                                                  build/obj/stm32f4xx_cryp_des.o
                                                  build/obj/stm32f4xx_cryp_aes.o
CRYP_KeyInit                                      build/obj/stm32f4xx_cryp.o
                                                  build/obj/stm32f4xx_cryp_tdes.o
                                                  build/obj/stm32f4xx_cryp_des.o
                                                  build/obj/stm32f4xx_cryp_aes.o
CRYP_KeyStructInit                                build/obj/stm32f4xx_cryp.o
                                                  build/obj/stm32f4xx_cryp_tdes.o
                                                  build/obj/stm32f4xx_cryp_des.o
                                                  build/obj/stm32f4xx_cryp_aes.o
CRYP_RestoreContext                               build/obj/stm32f4xx_cryp.o
CRYP_SaveContext                                  build/obj/stm32f4xx_cryp.o
CRYP_StructInit                                   build/obj/stm32f4xx_cryp.o
CRYP_TDES_CBC                                     build/obj/stm32f4xx_cryp_tdes.o
CRYP_TDES_ECB                                     build/obj/stm32f4xx_cryp_tdes.o
DAC_ClearFlag                                     build/obj/stm32f4xx_dac.o
DAC_ClearITPendingBit                             build/obj/stm32f4xx_dac.o
DAC_Cmd                                           build/obj/stm32f4xx_dac.o
DAC_DMACmd                                        build/obj/stm32f4xx_dac.o
DAC_DeInit                                        build/obj/stm32f4xx_dac.o
DAC_DualSoftwareTriggerCmd                        build/obj/stm32f4xx_dac.o
DAC_GetDataOutputValue                            build/obj/stm32f4xx_dac.o
DAC_GetFlagStatus                                 build/obj/stm32f4xx_dac.o
DAC_GetITStatus                                   build/obj/stm32f4xx_dac.o
DAC_ITConfig                                      build/obj/stm32f4xx_dac.o
DAC_Init                                          build/obj/stm32f4xx_dac.o
DAC_SetChannel1Data                               build/obj/stm32f4xx_dac.o
DAC_SetChannel2Data                               build/obj/stm32f4xx_dac.o
DAC_SetDualChannelData                            build/obj/stm32f4xx_dac.o
DAC_SoftwareTriggerCmd                            build/obj/stm32f4xx_dac.o
DAC_StructInit                                    build/obj/stm32f4xx_dac.o
DAC_WaveGenerationCmd                             build/obj/stm32f4xx_dac.o
DBGMCU_APB1PeriphConfig                           build/obj/stm32f4xx_dbgmcu.o
DBGMCU_APB2PeriphConfig                           build/obj/stm32f4xx_dbgmcu.o
DBGMCU_Config                                     build/obj/stm32f4xx_dbgmcu.o
DBGMCU_GetDEVID                                   build/obj/stm32f4xx_dbgmcu.o
DBGMCU_GetREVID                                   build/obj/stm32f4xx_dbgmcu.o
DCMI_CROPCmd                                      build/obj/stm32f4xx_dcmi.o
DCMI_CROPConfig                                   build/obj/stm32f4xx_dcmi.o
DCMI_CaptureCmd                                   build/obj/stm32f4xx_dcmi.o
DCMI_ClearFlag                                    build/obj/stm32f4xx_dcmi.o
DCMI_ClearITPendingBit                            build/obj/stm32f4xx_dcmi.o
DCMI_Cmd                                          build/obj/stm32f4xx_dcmi.o
DCMI_DeInit                                       build/obj/stm32f4xx_dcmi.o
DCMI_GetFlagStatus                                build/obj/stm32f4xx_dcmi.o
DCMI_GetITStatus                                  build/obj/stm32f4xx_dcmi.o
DCMI_ITConfig                                     build/obj/stm32f4xx_dcmi.o
DCMI_Init                                         build/obj/stm32f4xx_dcmi.o
DCMI_JPEGCmd                                      build/obj/stm32f4xx_dcmi.o
DCMI_ReadData                                     build/obj/stm32f4xx_dcmi.o
DCMI_SetEmbeddedSynchroCodes                      build/obj/stm32f4xx_dcmi.o
DCMI_StructInit                                   build/obj/stm32f4xx_dcmi.o
DMA_ClearFlag                                     build/obj/stm32f4xx_dma.o
DMA_ClearITPendingBit                             build/obj/stm32f4xx_dma.o
DMA_Cmd                                           build/obj/stm32f4xx_dma.o
DMA_DeInit                                        build/obj/stm32f4xx_dma.o
DMA_DoubleBufferModeCmd                           build/obj/stm32f4xx_dma.o
DMA_DoubleBufferModeConfig                        build/obj/stm32f4xx_dma.o
DMA_FlowControllerConfig                          build/obj/stm32f4xx_dma.o
DMA_GetCmdStatus                                  build/obj/stm32f4xx_dma.o
DMA_GetCurrDataCounter                            build/obj/stm32f4xx_dma.o
DMA_GetCurrentMemoryTarget                        build/obj/stm32f4xx_dma.o
DMA_GetFIFOStatus                                 build/obj/stm32f4xx_dma.o
DMA_GetFlagStatus                                 build/obj/stm32f4xx_dma.o
DMA_GetITStatus                                   build/obj/stm32f4xx_dma.o
DMA_ITConfig                                      build/obj/stm32f4xx_dma.o
DMA_Init                                          build/obj/stm32f4xx_dma.o
DMA_MemoryTargetConfig                            build/obj/stm32f4xx_dma.o
DMA_PeriphIncOffsetSizeConfig                     build/obj/stm32f4xx_dma.o
DMA_SetCurrDataCounter                            build/obj/stm32f4xx_dma.o
DMA_StructInit                                    build/obj/stm32f4xx_dma.o
DebugMonitorVector                                build/obj/vectors.o
EXTI_ClearFlag                                    build/obj/stm32f4xx_exti.o
EXTI_ClearITPendingBit                            build/obj/stm32f4xx_exti.o
EXTI_DeInit                                       build/obj/stm32f4xx_exti.o
EXTI_GenerateSWInterrupt                          build/obj/stm32f4xx_exti.o
EXTI_GetFlagStatus                                build/obj/stm32f4xx_exti.o
EXTI_GetITStatus                                  build/obj/stm32f4xx_exti.o
EXTI_Init                                         build/obj/stm32f4xx_exti.o
EXTI_StructInit                                   build/obj/stm32f4xx_exti.o
FLASH_ClearFlag                                   build/obj/stm32f4xx_flash.o
                                                  build/obj/main.o
FLASH_DataCacheCmd                                build/obj/stm32f4xx_flash.o
FLASH_DataCacheReset                              build/obj/stm32f4xx_flash.o
FLASH_EraseAllSectors                             build/obj/stm32f4xx_flash.o
FLASH_EraseSector                                 build/obj/stm32f4xx_flash.o
                                                  build/obj/main.o
FLASH_GetFlagStatus                               build/obj/stm32f4xx_flash.o
FLASH_GetStatus                                   build/obj/stm32f4xx_flash.o
FLASH_ITConfig                                    build/obj/stm32f4xx_flash.o
FLASH_InstructionCacheCmd                         build/obj/stm32f4xx_flash.o
FLASH_InstructionCacheReset                       build/obj/stm32f4xx_flash.o
FLASH_Lock                                        build/obj/stm32f4xx_flash.o
FLASH_OB_BORConfig                                build/obj/stm32f4xx_flash.o
FLASH_OB_GetBOR                                   build/obj/stm32f4xx_flash.o
FLASH_OB_GetRDP                                   build/obj/stm32f4xx_flash.o
FLASH_OB_GetUser                                  build/obj/stm32f4xx_flash.o
FLASH_OB_GetWRP                                   build/obj/stm32f4xx_flash.o
FLASH_OB_Launch                                   build/obj/stm32f4xx_flash.o
FLASH_OB_Lock                                     build/obj/stm32f4xx_flash.o
FLASH_OB_RDPConfig                                build/obj/stm32f4xx_flash.o
FLASH_OB_Unlock                                   build/obj/stm32f4xx_flash.o
FLASH_OB_UserConfig                               build/obj/stm32f4xx_flash.o
FLASH_OB_WRPConfig                                build/obj/stm32f4xx_flash.o
FLASH_PrefetchBufferCmd                           build/obj/stm32f4xx_flash.o
FLASH_ProgramByte                                 build/obj/stm32f4xx_flash.o
                                                  build/obj/main.o
FLASH_ProgramDoubleWord                           build/obj/stm32f4xx_flash.o
FLASH_ProgramHalfWord                             build/obj/stm32f4xx_flash.o
FLASH_ProgramWord                                 build/obj/stm32f4xx_flash.o
FLASH_SetLatency                                  build/obj/stm32f4xx_flash.o
FLASH_Unlock                                      build/obj/stm32f4xx_flash.o
                                                  build/obj/main.o
FLASH_WaitForLastOperation                        build/obj/stm32f4xx_flash.o
FSMC_ClearFlag                                    build/obj/stm32f4xx_fsmc.o
FSMC_ClearITPendingBit                            build/obj/stm32f4xx_fsmc.o
FSMC_GetECC                                       build/obj/stm32f4xx_fsmc.o
FSMC_GetFlagStatus                                build/obj/stm32f4xx_fsmc.o
FSMC_GetITStatus                                  build/obj/stm32f4xx_fsmc.o
FSMC_ITConfig                                     build/obj/stm32f4xx_fsmc.o
FSMC_NANDCmd                                      build/obj/stm32f4xx_fsmc.o
FSMC_NANDDeInit                                   build/obj/stm32f4xx_fsmc.o
FSMC_NANDECCCmd                                   build/obj/stm32f4xx_fsmc.o
FSMC_NANDInit                                     build/obj/stm32f4xx_fsmc.o
FSMC_NANDStructInit                               build/obj/stm32f4xx_fsmc.o
FSMC_NORSRAMCmd                                   build/obj/stm32f4xx_fsmc.o
FSMC_NORSRAMDeInit                                build/obj/stm32f4xx_fsmc.o
FSMC_NORSRAMInit                                  build/obj/stm32f4xx_fsmc.o
FSMC_NORSRAMStructInit                            build/obj/stm32f4xx_fsmc.o
FSMC_PCCARDCmd                                    build/obj/stm32f4xx_fsmc.o
FSMC_PCCARDDeInit                                 build/obj/stm32f4xx_fsmc.o
FSMC_PCCARDInit                                   build/obj/stm32f4xx_fsmc.o
FSMC_PCCARDStructInit                             build/obj/stm32f4xx_fsmc.o
HASH_ClearFlag                                    build/obj/stm32f4xx_hash.o
HASH_ClearITPendingBit                            build/obj/stm32f4xx_hash.o
HASH_DMACmd                                       build/obj/stm32f4xx_hash.o
HASH_DataIn                                       build/obj/stm32f4xx_hash.o
                                                  build/obj/stm32f4xx_hash_sha1.o
                                                  build/obj/stm32f4xx_hash_md5.o
HASH_DeInit                                       build/obj/stm32f4xx_hash.o
                                                  build/obj/stm32f4xx_hash_sha1.o
                                                  build/obj/stm32f4xx_hash_md5.o
HASH_GetDigest                                    build/obj/stm32f4xx_hash.o
                                                  build/obj/stm32f4xx_hash_sha1.o
                                                  build/obj/stm32f4xx_hash_md5.o
HASH_GetFlagStatus                                build/obj/stm32f4xx_hash.o
                                                  build/obj/stm32f4xx_hash_sha1.o
                                                  build/obj/stm32f4xx_hash_md5.o
HASH_GetITStatus                                  build/obj/stm32f4xx_hash.o
HASH_GetInFIFOWordsNbr                            build/obj/stm32f4xx_hash.o
HASH_ITConfig                                     build/obj/stm32f4xx_hash.o
HASH_Init                                         build/obj/stm32f4xx_hash.o
                                                  build/obj/stm32f4xx_hash_sha1.o
                                                  build/obj/stm32f4xx_hash_md5.o
HASH_MD5                                          build/obj/stm32f4xx_hash_md5.o
HASH_Reset                                        build/obj/stm32f4xx_hash.o
HASH_RestoreContext                               build/obj/stm32f4xx_hash.o
HASH_SHA1                                         build/obj/stm32f4xx_hash_sha1.o
HASH_SaveContext                                  build/obj/stm32f4xx_hash.o
HASH_SetLastWordValidBitsNbr                      build/obj/stm32f4xx_hash.o
                                                  build/obj/stm32f4xx_hash_sha1.o
                                                  build/obj/stm32f4xx_hash_md5.o
HASH_StartDigest                                  build/obj/stm32f4xx_hash.o
                                                  build/obj/stm32f4xx_hash_sha1.o
                                                  build/obj/stm32f4xx_hash_md5.o
HASH_StructInit                                   build/obj/stm32f4xx_hash.o
HMAC_MD5                                          build/obj/stm32f4xx_hash_md5.o
HMAC_SHA1                                         build/obj/stm32f4xx_hash_sha1.o
HardFaultVector                                   build/obj/vectors.o
I2C_ARPCmd                                        build/obj/stm32f4xx_i2c.o
I2C_AcknowledgeConfig                             build/obj/stm32f4xx_i2c.o
I2C_CalculatePEC                                  build/obj/stm32f4xx_i2c.o
I2C_CheckEvent                                    build/obj/stm32f4xx_i2c.o
I2C_ClearFlag                                     build/obj/stm32f4xx_i2c.o
I2C_ClearITPendingBit                             build/obj/stm32f4xx_i2c.o
I2C_Cmd                                           build/obj/stm32f4xx_i2c.o
I2C_DMACmd                                        build/obj/stm32f4xx_i2c.o
I2C_DMALastTransferCmd                            build/obj/stm32f4xx_i2c.o
I2C_DeInit                                        build/obj/stm32f4xx_i2c.o
I2C_DualAddressCmd                                build/obj/stm32f4xx_i2c.o
I2C_FastModeDutyCycleConfig                       build/obj/stm32f4xx_i2c.o
I2C_GeneralCallCmd                                build/obj/stm32f4xx_i2c.o
I2C_GenerateSTART                                 build/obj/stm32f4xx_i2c.o
I2C_GenerateSTOP                                  build/obj/stm32f4xx_i2c.o
I2C_GetFlagStatus                                 build/obj/stm32f4xx_i2c.o
I2C_GetITStatus                                   build/obj/stm32f4xx_i2c.o
I2C_GetLastEvent                                  build/obj/stm32f4xx_i2c.o
I2C_GetPEC                                        build/obj/stm32f4xx_i2c.o
I2C_ITConfig                                      build/obj/stm32f4xx_i2c.o
I2C_Init                                          build/obj/stm32f4xx_i2c.o
I2C_NACKPositionConfig                            build/obj/stm32f4xx_i2c.o
I2C_OwnAddress2Config                             build/obj/stm32f4xx_i2c.o
I2C_PECPositionConfig                             build/obj/stm32f4xx_i2c.o
I2C_ReadRegister                                  build/obj/stm32f4xx_i2c.o
I2C_ReceiveData                                   build/obj/stm32f4xx_i2c.o
I2C_SMBusAlertConfig                              build/obj/stm32f4xx_i2c.o
I2C_Send7bitAddress                               build/obj/stm32f4xx_i2c.o
I2C_SendData                                      build/obj/stm32f4xx_i2c.o
I2C_SoftwareResetCmd                              build/obj/stm32f4xx_i2c.o
I2C_StretchClockCmd                               build/obj/stm32f4xx_i2c.o
I2C_StructInit                                    build/obj/stm32f4xx_i2c.o
I2C_TransmitPEC                                   build/obj/stm32f4xx_i2c.o
I2S_Cmd                                           build/obj/stm32f4xx_spi.o
I2S_FullDuplexConfig                              build/obj/stm32f4xx_spi.o
I2S_Init                                          build/obj/stm32f4xx_spi.o
I2S_StructInit                                    build/obj/stm32f4xx_spi.o
IWDG_Enable                                       build/obj/stm32f4xx_iwdg.o
IWDG_GetFlagStatus                                build/obj/stm32f4xx_iwdg.o
IWDG_ReloadCounter                                build/obj/stm32f4xx_iwdg.o
IWDG_SetPrescaler                                 build/obj/stm32f4xx_iwdg.o
IWDG_SetReload                                    build/obj/stm32f4xx_iwdg.o
IWDG_WriteAccessCmd                               build/obj/stm32f4xx_iwdg.o
MemManageVector                                   build/obj/vectors.o
NMIVector                                         build/obj/vectors.o
NVIC_Init                                         build/obj/misc.o
NVIC_PriorityGroupConfig                          build/obj/misc.o
NVIC_SetVectorTable                               build/obj/misc.o
NVIC_SystemLPConfig                               build/obj/misc.o
PWR_BackupAccessCmd                               build/obj/stm32f4xx_pwr.o
PWR_BackupRegulatorCmd                            build/obj/stm32f4xx_pwr.o
PWR_ClearFlag                                     build/obj/stm32f4xx_pwr.o
PWR_DeInit                                        build/obj/stm32f4xx_pwr.o
PWR_EnterSTANDBYMode                              build/obj/stm32f4xx_pwr.o
PWR_EnterSTOPMode                                 build/obj/stm32f4xx_pwr.o
PWR_FlashPowerDownCmd                             build/obj/stm32f4xx_pwr.o
PWR_GetFlagStatus                                 build/obj/stm32f4xx_pwr.o
PWR_MainRegulatorModeConfig                       build/obj/stm32f4xx_pwr.o
PWR_PVDCmd                                        build/obj/stm32f4xx_pwr.o
PWR_PVDLevelConfig                                build/obj/stm32f4xx_pwr.o
PWR_WakeUpPinCmd                                  build/obj/stm32f4xx_pwr.o
PendSVVector                                      build/obj/chcore_v7m.o
                                                  build/obj/vectors.o
RCC_AHB1PeriphClockCmd                            build/obj/stm32f4xx_rcc.o
RCC_AHB1PeriphClockLPModeCmd                      build/obj/stm32f4xx_rcc.o
RCC_AHB1PeriphResetCmd                            build/obj/stm32f4xx_rcc.o
RCC_AHB2PeriphClockCmd                            build/obj/stm32f4xx_rcc.o
RCC_AHB2PeriphClockLPModeCmd                      build/obj/stm32f4xx_rcc.o
RCC_AHB2PeriphResetCmd                            build/obj/stm32f4xx_rcc.o
                                                  build/obj/stm32f4xx_hash.o
                                                  build/obj/stm32f4xx_cryp.o
                                                  build/obj/stm32f4xx_rng.o
RCC_AHB3PeriphClockCmd                            build/obj/stm32f4xx_rcc.o
RCC_AHB3PeriphClockLPModeCmd                      build/obj/stm32f4xx_rcc.o
RCC_AHB3PeriphResetCmd                            build/obj/stm32f4xx_rcc.o
RCC_APB1PeriphClockCmd                            build/obj/stm32f4xx_rcc.o
                                                  build/obj/main.o
RCC_APB1PeriphClockLPModeCmd                      build/obj/stm32f4xx_rcc.o
RCC_APB1PeriphResetCmd                            build/obj/stm32f4xx_rcc.o
                                                  build/obj/stm32f4xx_pwr.o
                                                  build/obj/stm32f4xx_wwdg.o
                                                  build/obj/stm32f4xx_i2c.o
                                                  build/obj/stm32f4xx_dac.o
                                                  build/obj/stm32f4xx_usart.o
                                                  build/obj/stm32f4xx_tim.o
                                                  build/obj/stm32f4xx_spi.o
RCC_APB2PeriphClockCmd                            build/obj/stm32f4xx_rcc.o
RCC_APB2PeriphClockLPModeCmd                      build/obj/stm32f4xx_rcc.o
RCC_APB2PeriphResetCmd                            build/obj/stm32f4xx_rcc.o
                                                  build/obj/stm32f4xx_usart.o
                                                  build/obj/stm32f4xx_tim.o
                                                  build/obj/stm32f4xx_syscfg.o
                                                  build/obj/stm32f4xx_spi.o
                                                  build/obj/stm32f4xx_sdio.o
                                                  build/obj/stm32f4xx_adc.o
RCC_AdjustHSICalibrationValue                     build/obj/stm32f4xx_rcc.o
RCC_BackupResetCmd                                build/obj/stm32f4xx_rcc.o
RCC_ClearFlag                                     build/obj/stm32f4xx_rcc.o
RCC_ClearITPendingBit                             build/obj/stm32f4xx_rcc.o
RCC_ClockSecuritySystemCmd                        build/obj/stm32f4xx_rcc.o
RCC_DeInit                                        build/obj/stm32f4xx_rcc.o
RCC_GetClocksFreq                                 build/obj/stm32f4xx_rcc.o
                                                  build/obj/stm32f4xx_i2c.o
                                                  build/obj/stm32f4xx_usart.o
RCC_GetFlagStatus                                 build/obj/stm32f4xx_rcc.o
RCC_GetITStatus                                   build/obj/stm32f4xx_rcc.o
RCC_GetSYSCLKSource                               build/obj/stm32f4xx_rcc.o
RCC_HCLKConfig                                    build/obj/stm32f4xx_rcc.o
RCC_HSEConfig                                     build/obj/stm32f4xx_rcc.o
RCC_HSICmd                                        build/obj/stm32f4xx_rcc.o
RCC_I2SCLKConfig                                  build/obj/stm32f4xx_rcc.o
RCC_ITConfig                                      build/obj/stm32f4xx_rcc.o
RCC_LSEConfig                                     build/obj/stm32f4xx_rcc.o
RCC_LSICmd                                        build/obj/stm32f4xx_rcc.o
RCC_MCO1Config                                    build/obj/stm32f4xx_rcc.o
RCC_MCO2Config                                    build/obj/stm32f4xx_rcc.o
RCC_PCLK1Config                                   build/obj/stm32f4xx_rcc.o
RCC_PCLK2Config                                   build/obj/stm32f4xx_rcc.o
RCC_PLLCmd                                        build/obj/stm32f4xx_rcc.o
RCC_PLLConfig                                     build/obj/stm32f4xx_rcc.o
RCC_PLLI2SCmd                                     build/obj/stm32f4xx_rcc.o
RCC_PLLI2SConfig                                  build/obj/stm32f4xx_rcc.o
RCC_RTCCLKCmd                                     build/obj/stm32f4xx_rcc.o
RCC_RTCCLKConfig                                  build/obj/stm32f4xx_rcc.o
RCC_SYSCLKConfig                                  build/obj/stm32f4xx_rcc.o
RCC_WaitForHSEStartUp                             build/obj/stm32f4xx_rcc.o
RNG_ClearFlag                                     build/obj/stm32f4xx_rng.o
RNG_ClearITPendingBit                             build/obj/stm32f4xx_rng.o
RNG_Cmd                                           build/obj/stm32f4xx_rng.o
RNG_DeInit                                        build/obj/stm32f4xx_rng.o
RNG_GetFlagStatus                                 build/obj/stm32f4xx_rng.o
RNG_GetITStatus                                   build/obj/stm32f4xx_rng.o
RNG_GetRandomNumber                               build/obj/stm32f4xx_rng.o
RNG_ITConfig                                      build/obj/stm32f4xx_rng.o
RTC_AlarmCmd                                      build/obj/stm32f4xx_rtc.o
RTC_AlarmStructInit                               build/obj/stm32f4xx_rtc.o
RTC_AlarmSubSecondConfig                          build/obj/stm32f4xx_rtc.o
RTC_BypassShadowCmd                               build/obj/stm32f4xx_rtc.o
RTC_CalibOutputCmd                                build/obj/stm32f4xx_rtc.o
RTC_CalibOutputConfig                             build/obj/stm32f4xx_rtc.o
RTC_ClearFlag                                     build/obj/stm32f4xx_rtc.o
RTC_ClearITPendingBit                             build/obj/stm32f4xx_rtc.o
RTC_CoarseCalibCmd                                build/obj/stm32f4xx_rtc.o
RTC_CoarseCalibConfig                             build/obj/stm32f4xx_rtc.o
RTC_DateStructInit                                build/obj/stm32f4xx_rtc.o
RTC_DayLightSavingConfig                          build/obj/stm32f4xx_rtc.o
RTC_DeInit                                        build/obj/stm32f4xx_rtc.o
RTC_EnterInitMode                                 build/obj/stm32f4xx_rtc.o
RTC_ExitInitMode                                  build/obj/stm32f4xx_rtc.o
RTC_GetAlarm                                      build/obj/stm32f4xx_rtc.o
RTC_GetAlarmSubSecond                             build/obj/stm32f4xx_rtc.o
RTC_GetDate                                       build/obj/stm32f4xx_rtc.o
RTC_GetFlagStatus                                 build/obj/stm32f4xx_rtc.o
RTC_GetITStatus                                   build/obj/stm32f4xx_rtc.o
RTC_GetStoreOperation                             build/obj/stm32f4xx_rtc.o
RTC_GetSubSecond                                  build/obj/stm32f4xx_rtc.o
RTC_GetTime                                       build/obj/stm32f4xx_rtc.o
RTC_GetTimeStamp                                  build/obj/stm32f4xx_rtc.o
RTC_GetTimeStampSubSecond                         build/obj/stm32f4xx_rtc.o
RTC_GetWakeUpCounter                              build/obj/stm32f4xx_rtc.o
RTC_ITConfig                                      build/obj/stm32f4xx_rtc.o
RTC_Init                                          build/obj/stm32f4xx_rtc.o
RTC_OutputConfig                                  build/obj/stm32f4xx_rtc.o
RTC_OutputTypeConfig                              build/obj/stm32f4xx_rtc.o
RTC_ReadBackupRegister                            build/obj/stm32f4xx_rtc.o
RTC_RefClockCmd                                   build/obj/stm32f4xx_rtc.o
RTC_SetAlarm                                      build/obj/stm32f4xx_rtc.o
RTC_SetDate                                       build/obj/stm32f4xx_rtc.o
RTC_SetTime                                       build/obj/stm32f4xx_rtc.o
RTC_SetWakeUpCounter                              build/obj/stm32f4xx_rtc.o
RTC_SmoothCalibConfig                             build/obj/stm32f4xx_rtc.o
RTC_StructInit                                    build/obj/stm32f4xx_rtc.o
RTC_SynchroShiftConfig                            build/obj/stm32f4xx_rtc.o
RTC_TamperCmd                                     build/obj/stm32f4xx_rtc.o
RTC_TamperFilterConfig                            build/obj/stm32f4xx_rtc.o
RTC_TamperPinSelection                            build/obj/stm32f4xx_rtc.o
RTC_TamperPinsPrechargeDuration                   build/obj/stm32f4xx_rtc.o
RTC_TamperPullUpCmd                               build/obj/stm32f4xx_rtc.o
RTC_TamperSamplingFreqConfig                      build/obj/stm32f4xx_rtc.o
RTC_TamperTriggerConfig                           build/obj/stm32f4xx_rtc.o
RTC_TimeStampCmd                                  build/obj/stm32f4xx_rtc.o
RTC_TimeStampOnTamperDetectionCmd                 build/obj/stm32f4xx_rtc.o
RTC_TimeStampPinSelection                         build/obj/stm32f4xx_rtc.o
RTC_TimeStructInit                                build/obj/stm32f4xx_rtc.o
RTC_WaitForSynchro                                build/obj/stm32f4xx_rtc.o
RTC_WakeUpClockConfig                             build/obj/stm32f4xx_rtc.o
RTC_WakeUpCmd                                     build/obj/stm32f4xx_rtc.o
RTC_WriteBackupRegister                           build/obj/stm32f4xx_rtc.o
RTC_WriteProtectionCmd                            build/obj/stm32f4xx_rtc.o
ResetHandler                                      build/obj/crt0.o
                                                  build/obj/vectors.o
SDIO_CEATAITCmd                                   build/obj/stm32f4xx_sdio.o
SDIO_ClearFlag                                    build/obj/stm32f4xx_sdio.o
SDIO_ClearITPendingBit                            build/obj/stm32f4xx_sdio.o
SDIO_ClockCmd                                     build/obj/stm32f4xx_sdio.o
SDIO_CmdStructInit                                build/obj/stm32f4xx_sdio.o
SDIO_CommandCompletionCmd                         build/obj/stm32f4xx_sdio.o
SDIO_DMACmd                                       build/obj/stm32f4xx_sdio.o
SDIO_DataConfig                                   build/obj/stm32f4xx_sdio.o
SDIO_DataStructInit                               build/obj/stm32f4xx_sdio.o
SDIO_DeInit                                       build/obj/stm32f4xx_sdio.o
SDIO_GetCommandResponse                           build/obj/stm32f4xx_sdio.o
SDIO_GetDataCounter                               build/obj/stm32f4xx_sdio.o
SDIO_GetFIFOCount                                 build/obj/stm32f4xx_sdio.o
SDIO_GetFlagStatus                                build/obj/stm32f4xx_sdio.o
SDIO_GetITStatus                                  build/obj/stm32f4xx_sdio.o
SDIO_GetPowerState                                build/obj/stm32f4xx_sdio.o
SDIO_GetResponse                                  build/obj/stm32f4xx_sdio.o
SDIO_ITConfig                                     build/obj/stm32f4xx_sdio.o
SDIO_Init                                         build/obj/stm32f4xx_sdio.o
SDIO_ReadData                                     build/obj/stm32f4xx_sdio.o
SDIO_SendCEATACmd                                 build/obj/stm32f4xx_sdio.o
SDIO_SendCommand                                  build/obj/stm32f4xx_sdio.o
SDIO_SendSDIOSuspendCmd                           build/obj/stm32f4xx_sdio.o
SDIO_SetPowerState                                build/obj/stm32f4xx_sdio.o
SDIO_SetSDIOOperation                             build/obj/stm32f4xx_sdio.o
SDIO_SetSDIOReadWaitMode                          build/obj/stm32f4xx_sdio.o
SDIO_StartSDIOReadWait                            build/obj/stm32f4xx_sdio.o
SDIO_StopSDIOReadWait                             build/obj/stm32f4xx_sdio.o
SDIO_StructInit                                   build/obj/stm32f4xx_sdio.o
SDIO_WriteData                                    build/obj/stm32f4xx_sdio.o
SPI_BiDirectionalLineConfig                       build/obj/stm32f4xx_spi.o
SPI_CalculateCRC                                  build/obj/stm32f4xx_spi.o
SPI_Cmd                                           build/obj/stm32f4xx_spi.o
SPI_DataSizeConfig                                build/obj/stm32f4xx_spi.o
SPI_GetCRC                                        build/obj/stm32f4xx_spi.o
SPI_GetCRCPolynomial                              build/obj/stm32f4xx_spi.o
SPI_I2S_ClearFlag                                 build/obj/stm32f4xx_spi.o
SPI_I2S_ClearITPendingBit                         build/obj/stm32f4xx_spi.o
SPI_I2S_DMACmd                                    build/obj/stm32f4xx_spi.o
SPI_I2S_DeInit                                    build/obj/stm32f4xx_spi.o
SPI_I2S_GetFlagStatus                             build/obj/stm32f4xx_spi.o
SPI_I2S_GetITStatus                               build/obj/stm32f4xx_spi.o
SPI_I2S_ITConfig                                  build/obj/stm32f4xx_spi.o
SPI_I2S_ReceiveData                               build/obj/stm32f4xx_spi.o
SPI_I2S_SendData                                  build/obj/stm32f4xx_spi.o
SPI_Init                                          build/obj/stm32f4xx_spi.o
SPI_NSSInternalSoftwareConfig                     build/obj/stm32f4xx_spi.o
SPI_SSOutputCmd                                   build/obj/stm32f4xx_spi.o
SPI_StructInit                                    build/obj/stm32f4xx_spi.o
SPI_TIModeCmd                                     build/obj/stm32f4xx_spi.o
SPI_TransmitCRC                                   build/obj/stm32f4xx_spi.o
SVCallVector                                      build/obj/vectors.o
SYSCFG_CompensationCellCmd                        build/obj/stm32f4xx_syscfg.o
SYSCFG_DeInit                                     build/obj/stm32f4xx_syscfg.o
SYSCFG_ETH_MediaInterfaceConfig                   build/obj/stm32f4xx_syscfg.o
SYSCFG_EXTILineConfig                             build/obj/stm32f4xx_syscfg.o
SYSCFG_GetCompensationCellStatus                  build/obj/stm32f4xx_syscfg.o
SYSCFG_MemoryRemapConfig                          build/obj/stm32f4xx_syscfg.o
SysTickVector                                     build/obj/chcore_v7m.o
                                                  build/obj/vectors.o
SysTick_CLKSourceConfig                           build/obj/misc.o
TIM_ARRPreloadConfig                              build/obj/stm32f4xx_tim.o
TIM_BDTRConfig                                    build/obj/stm32f4xx_tim.o
TIM_BDTRStructInit                                build/obj/stm32f4xx_tim.o
TIM_CCPreloadControl                              build/obj/stm32f4xx_tim.o
TIM_CCxCmd                                        build/obj/stm32f4xx_tim.o
TIM_CCxNCmd                                       build/obj/stm32f4xx_tim.o
TIM_ClearFlag                                     build/obj/stm32f4xx_tim.o
TIM_ClearITPendingBit                             build/obj/stm32f4xx_tim.o
TIM_ClearOC1Ref                                   build/obj/stm32f4xx_tim.o
TIM_ClearOC2Ref                                   build/obj/stm32f4xx_tim.o
TIM_ClearOC3Ref                                   build/obj/stm32f4xx_tim.o
TIM_ClearOC4Ref                                   build/obj/stm32f4xx_tim.o
TIM_Cmd                                           build/obj/stm32f4xx_tim.o
TIM_CounterModeConfig                             build/obj/stm32f4xx_tim.o
TIM_CtrlPWMOutputs                                build/obj/stm32f4xx_tim.o
TIM_DMACmd                                        build/obj/stm32f4xx_tim.o
TIM_DMAConfig                                     build/obj/stm32f4xx_tim.o
TIM_DeInit                                        build/obj/stm32f4xx_tim.o
TIM_ETRClockMode1Config                           build/obj/stm32f4xx_tim.o
TIM_ETRClockMode2Config                           build/obj/stm32f4xx_tim.o
TIM_ETRConfig                                     build/obj/stm32f4xx_tim.o
TIM_EncoderInterfaceConfig                        build/obj/stm32f4xx_tim.o
TIM_ForcedOC1Config                               build/obj/stm32f4xx_tim.o
TIM_ForcedOC2Config                               build/obj/stm32f4xx_tim.o
TIM_ForcedOC3Config                               build/obj/stm32f4xx_tim.o
TIM_ForcedOC4Config                               build/obj/stm32f4xx_tim.o
TIM_GenerateEvent                                 build/obj/stm32f4xx_tim.o
TIM_GetCapture1                                   build/obj/stm32f4xx_tim.o
TIM_GetCapture2                                   build/obj/stm32f4xx_tim.o
TIM_GetCapture3                                   build/obj/stm32f4xx_tim.o
TIM_GetCapture4                                   build/obj/stm32f4xx_tim.o
TIM_GetCounter                                    build/obj/stm32f4xx_tim.o
TIM_GetFlagStatus                                 build/obj/stm32f4xx_tim.o
TIM_GetITStatus                                   build/obj/stm32f4xx_tim.o
TIM_GetPrescaler                                  build/obj/stm32f4xx_tim.o
TIM_ICInit                                        build/obj/stm32f4xx_tim.o
TIM_ICStructInit                                  build/obj/stm32f4xx_tim.o
TIM_ITConfig                                      build/obj/stm32f4xx_tim.o
TIM_ITRxExternalClockConfig                       build/obj/stm32f4xx_tim.o
TIM_InternalClockConfig                           build/obj/stm32f4xx_tim.o
TIM_OC1FastConfig                                 build/obj/stm32f4xx_tim.o
TIM_OC1Init                                       build/obj/stm32f4xx_tim.o
TIM_OC1NPolarityConfig                            build/obj/stm32f4xx_tim.o
TIM_OC1PolarityConfig                             build/obj/stm32f4xx_tim.o
TIM_OC1PreloadConfig                              build/obj/stm32f4xx_tim.o
TIM_OC2FastConfig                                 build/obj/stm32f4xx_tim.o
TIM_OC2Init                                       build/obj/stm32f4xx_tim.o
TIM_OC2NPolarityConfig                            build/obj/stm32f4xx_tim.o
TIM_OC2PolarityConfig                             build/obj/stm32f4xx_tim.o
TIM_OC2PreloadConfig                              build/obj/stm32f4xx_tim.o
TIM_OC3FastConfig                                 build/obj/stm32f4xx_tim.o
TIM_OC3Init                                       build/obj/stm32f4xx_tim.o
TIM_OC3NPolarityConfig                            build/obj/stm32f4xx_tim.o
TIM_OC3PolarityConfig                             build/obj/stm32f4xx_tim.o
TIM_OC3PreloadConfig                              build/obj/stm32f4xx_tim.o
TIM_OC4FastConfig                                 build/obj/stm32f4xx_tim.o
TIM_OC4Init                                       build/obj/stm32f4xx_tim.o
TIM_OC4PolarityConfig                             build/obj/stm32f4xx_tim.o
TIM_OC4PreloadConfig                              build/obj/stm32f4xx_tim.o
TIM_OCStructInit                                  build/obj/stm32f4xx_tim.o
TIM_PWMIConfig                                    build/obj/stm32f4xx_tim.o
TIM_PrescalerConfig                               build/obj/stm32f4xx_tim.o
TIM_RemapConfig                                   build/obj/stm32f4xx_tim.o
TIM_SelectCCDMA                                   build/obj/stm32f4xx_tim.o
TIM_SelectCOM                                     build/obj/stm32f4xx_tim.o
TIM_SelectHallSensor                              build/obj/stm32f4xx_tim.o
TIM_SelectInputTrigger                            build/obj/stm32f4xx_tim.o
TIM_SelectMasterSlaveMode                         build/obj/stm32f4xx_tim.o
TIM_SelectOCxM                                    build/obj/stm32f4xx_tim.o
TIM_SelectOnePulseMode                            build/obj/stm32f4xx_tim.o
TIM_SelectOutputTrigger                           build/obj/stm32f4xx_tim.o
TIM_SelectSlaveMode                               build/obj/stm32f4xx_tim.o
TIM_SetAutoreload                                 build/obj/stm32f4xx_tim.o
TIM_SetClockDivision                              build/obj/stm32f4xx_tim.o
TIM_SetCompare1                                   build/obj/stm32f4xx_tim.o
TIM_SetCompare2                                   build/obj/stm32f4xx_tim.o
TIM_SetCompare3                                   build/obj/stm32f4xx_tim.o
TIM_SetCompare4                                   build/obj/stm32f4xx_tim.o
TIM_SetCounter                                    build/obj/stm32f4xx_tim.o
TIM_SetIC1Prescaler                               build/obj/stm32f4xx_tim.o
TIM_SetIC2Prescaler                               build/obj/stm32f4xx_tim.o
TIM_SetIC3Prescaler                               build/obj/stm32f4xx_tim.o
TIM_SetIC4Prescaler                               build/obj/stm32f4xx_tim.o
TIM_TIxExternalClockConfig                        build/obj/stm32f4xx_tim.o
TIM_TimeBaseInit                                  build/obj/stm32f4xx_tim.o
TIM_TimeBaseStructInit                            build/obj/stm32f4xx_tim.o
TIM_UpdateDisableConfig                           build/obj/stm32f4xx_tim.o
TIM_UpdateRequestConfig                           build/obj/stm32f4xx_tim.o
USART_ClearFlag                                   build/obj/stm32f4xx_usart.o
USART_ClearITPendingBit                           build/obj/stm32f4xx_usart.o
USART_ClockInit                                   build/obj/stm32f4xx_usart.o
USART_ClockStructInit                             build/obj/stm32f4xx_usart.o
USART_Cmd                                         build/obj/stm32f4xx_usart.o
USART_DMACmd                                      build/obj/stm32f4xx_usart.o
USART_DeInit                                      build/obj/stm32f4xx_usart.o
USART_GetFlagStatus                               build/obj/stm32f4xx_usart.o
USART_GetITStatus                                 build/obj/stm32f4xx_usart.o
USART_HalfDuplexCmd                               build/obj/stm32f4xx_usart.o
USART_ITConfig                                    build/obj/stm32f4xx_usart.o
USART_Init                                        build/obj/stm32f4xx_usart.o
USART_IrDACmd                                     build/obj/stm32f4xx_usart.o
USART_IrDAConfig                                  build/obj/stm32f4xx_usart.o
USART_LINBreakDetectLengthConfig                  build/obj/stm32f4xx_usart.o
USART_LINCmd                                      build/obj/stm32f4xx_usart.o
USART_OneBitMethodCmd                             build/obj/stm32f4xx_usart.o
USART_OverSampling8Cmd                            build/obj/stm32f4xx_usart.o
USART_ReceiveData                                 build/obj/stm32f4xx_usart.o
USART_ReceiverWakeUpCmd                           build/obj/stm32f4xx_usart.o
USART_SendBreak                                   build/obj/stm32f4xx_usart.o
USART_SendData                                    build/obj/stm32f4xx_usart.o
USART_SetAddress                                  build/obj/stm32f4xx_usart.o
USART_SetGuardTime                                build/obj/stm32f4xx_usart.o
USART_SetPrescaler                                build/obj/stm32f4xx_usart.o
USART_SmartCardCmd                                build/obj/stm32f4xx_usart.o
USART_SmartCardNACKCmd                            build/obj/stm32f4xx_usart.o
USART_StructInit                                  build/obj/stm32f4xx_usart.o
USART_WakeUpConfig                                build/obj/stm32f4xx_usart.o
UsageFaultVector                                  build/obj/vectors.o
Vector100                                         build/obj/vectors.o
Vector104                                         build/obj/vectors.o
Vector108                                         build/obj/vectors.o
Vector10C                                         build/obj/vectors.o
Vector110                                         build/obj/vectors.o
Vector114                                         build/obj/vectors.o
Vector118                                         build/obj/vectors.o
Vector11C                                         build/obj/vectors.o
Vector120                                         build/obj/vectors.o
Vector124                                         build/obj/vectors.o
Vector128                                         build/obj/vectors.o
Vector12C                                         build/obj/vectors.o
Vector130                                         build/obj/vectors.o
Vector134                                         build/obj/vectors.o
Vector138                                         build/obj/vectors.o
Vector13C                                         build/obj/vectors.o
Vector140                                         build/obj/vectors.o
Vector144                                         build/obj/vectors.o
Vector148                                         build/obj/vectors.o
Vector14C                                         build/obj/vectors.o
Vector150                                         build/obj/vectors.o
Vector154                                         build/obj/vectors.o
Vector158                                         build/obj/vectors.o
Vector15C                                         build/obj/vectors.o
Vector160                                         build/obj/vectors.o
Vector164                                         build/obj/vectors.o
Vector168                                         build/obj/vectors.o
Vector16C                                         build/obj/vectors.o
Vector170                                         build/obj/vectors.o
Vector174                                         build/obj/vectors.o
Vector178                                         build/obj/vectors.o
Vector17C                                         build/obj/vectors.o
Vector180                                         build/obj/vectors.o
Vector184                                         build/obj/vectors.o
Vector188                                         build/obj/vectors.o
Vector18C                                         build/obj/vectors.o
Vector190                                         build/obj/vectors.o
Vector194                                         build/obj/vectors.o
Vector198                                         build/obj/vectors.o
Vector19C                                         build/obj/vectors.o
Vector1A0                                         build/obj/vectors.o
Vector1A4                                         build/obj/vectors.o
Vector1A8                                         build/obj/vectors.o
Vector1C                                          build/obj/vectors.o
Vector20                                          build/obj/vectors.o
Vector24                                          build/obj/vectors.o
Vector28                                          build/obj/vectors.o
Vector34                                          build/obj/vectors.o
Vector40                                          build/obj/vectors.o
Vector44                                          build/obj/vectors.o
Vector48                                          build/obj/vectors.o
Vector4C                                          build/obj/vectors.o
Vector50                                          build/obj/vectors.o
Vector54                                          build/obj/vectors.o
Vector58                                          build/obj/vectors.o
Vector5C                                          build/obj/vectors.o
Vector60                                          build/obj/vectors.o
Vector64                                          build/obj/vectors.o
Vector68                                          build/obj/vectors.o
Vector6C                                          build/obj/vectors.o
Vector70                                          build/obj/vectors.o
Vector74                                          build/obj/vectors.o
Vector78                                          build/obj/vectors.o
Vector7C                                          build/obj/vectors.o
Vector80                                          build/obj/vectors.o
Vector84                                          build/obj/vectors.o
Vector88                                          build/obj/vectors.o
Vector8C                                          build/obj/vectors.o
Vector90                                          build/obj/vectors.o
Vector94                                          build/obj/vectors.o
Vector98                                          build/obj/vectors.o
Vector9C                                          build/obj/vectors.o
VectorA0                                          build/obj/vectors.o
VectorA4                                          build/obj/vectors.o
VectorA8                                          build/obj/vectors.o
VectorAC                                          build/obj/vectors.o
VectorB0                                          build/obj/vectors.o
VectorB4                                          build/obj/vectors.o
VectorB8                                          build/obj/vectors.o
VectorBC                                          build/obj/vectors.o
VectorC0                                          build/obj/vectors.o
VectorC4                                          build/obj/vectors.o
VectorC8                                          build/obj/vectors.o
VectorCC                                          build/obj/vectors.o
VectorD0                                          build/obj/vectors.o
VectorD4                                          build/obj/vectors.o
VectorD8                                          build/obj/vectors.o
VectorDC                                          build/obj/vectors.o
VectorE0                                          build/obj/vectors.o
VectorE4                                          build/obj/vectors.o
VectorE8                                          build/obj/vectors.o
VectorEC                                          build/obj/vectors.o
VectorF0                                          build/obj/vectors.o
VectorF4                                          build/obj/vectors.o
VectorF8                                          build/obj/vectors.o
VectorFC                                          build/obj/vectors.o
WWDG_ClearFlag                                    build/obj/stm32f4xx_wwdg.o
WWDG_DeInit                                       build/obj/stm32f4xx_wwdg.o
WWDG_Enable                                       build/obj/stm32f4xx_wwdg.o
                                                  build/obj/main.o
WWDG_EnableIT                                     build/obj/stm32f4xx_wwdg.o
WWDG_GetFlagStatus                                build/obj/stm32f4xx_wwdg.o
WWDG_SetCounter                                   build/obj/stm32f4xx_wwdg.o
WWDG_SetPrescaler                                 build/obj/stm32f4xx_wwdg.o
                                                  build/obj/main.o
WWDG_SetWindowValue                               build/obj/stm32f4xx_wwdg.o
                                                  build/obj/main.o
__early_init                                      build/obj/board.o
                                                  build/obj/crt0.o
__fini_array_end                                  build/obj/crt0.o
__fini_array_start                                build/obj/crt0.o
__heap_base__                                     build/obj/chmemcore.o
__heap_end__                                      build/obj/chmemcore.o
__init_array_end                                  build/obj/crt0.o
__init_array_start                                build/obj/crt0.o
__late_init                                       build/obj/crt0.o
__main_stack_base__                               build/obj/crt0.o
__main_stack_end__                                build/obj/vectors.o
                                                  build/obj/crt0.o
__main_thread_stack_base__                        build/obj/chsys.o
__process_stack_base__                            build/obj/crt0.o
__process_stack_end__                             build/obj/crt0.o
_bss_end                                          build/obj/crt0.o
_bss_start                                        build/obj/crt0.o
_core_init                                        build/obj/chmemcore.o
                                                  build/obj/chsys.o
_data                                             build/obj/crt0.o
_default_exit                                     build/obj/crt0.o
_edata                                            build/obj/crt0.o
_heap_init                                        build/obj/chheap.o
                                                  build/obj/chsys.o
_idle_thread                                      build/obj/chsys.o
_idle_thread_wa                                   build/obj/chsys.o
_pal_lld_init                                     build/obj/pal_lld.o
                                                  build/obj/hal.o
_pal_lld_setgroupmode                             build/obj/pal_lld.o
                                                  build/obj/pal.o
_port_init                                        build/obj/chcore_v7m.o
                                                  build/obj/chsys.o
_port_irq_epilogue                                build/obj/chcore_v7m.o
_port_switch                                      build/obj/chcore_v7m.o